Archive member included to satisfy reference by file (symbol)

D:/STM32CubeIDE_1.19.0/STM32CubeIDE/plugins/com.st.stm32cube.ide.mcu.externaltools.gnu-tools-for-stm32.13.3.rel1.win32_1.0.0.202411081344/tools/bin/../lib/gcc/arm-none-eabi/13.3.1/../../../../arm-none-eabi/lib/thumb/v7e-m+fp/hard\libc_nano.a(libc_a-exit.o)
                              D:/STM32CubeIDE_1.19.0/STM32CubeIDE/plugins/com.st.stm32cube.ide.mcu.externaltools.gnu-tools-for-stm32.13.3.rel1.win32_1.0.0.202411081344/tools/bin/../lib/gcc/arm-none-eabi/13.3.1/../../../../arm-none-eabi/lib/thumb/v7e-m+fp/hard/crt0.o (exit)
D:/STM32CubeIDE_1.19.0/STM32CubeIDE/plugins/com.st.stm32cube.ide.mcu.externaltools.gnu-tools-for-stm32.13.3.rel1.win32_1.0.0.202411081344/tools/bin/../lib/gcc/arm-none-eabi/13.3.1/../../../../arm-none-eabi/lib/thumb/v7e-m+fp/hard\libc_nano.a(libc_a-findfp.o)
                              D:/STM32CubeIDE_1.19.0/STM32CubeIDE/plugins/com.st.stm32cube.ide.mcu.externaltools.gnu-tools-for-stm32.13.3.rel1.win32_1.0.0.202411081344/tools/bin/../lib/gcc/arm-none-eabi/13.3.1/../../../../arm-none-eabi/lib/thumb/v7e-m+fp/hard\libc_nano.a(libc_a-exit.o) (__stdio_exit_handler)
D:/STM32CubeIDE_1.19.0/STM32CubeIDE/plugins/com.st.stm32cube.ide.mcu.externaltools.gnu-tools-for-stm32.13.3.rel1.win32_1.0.0.202411081344/tools/bin/../lib/gcc/arm-none-eabi/13.3.1/../../../../arm-none-eabi/lib/thumb/v7e-m+fp/hard\libc_nano.a(libc_a-fwalk.o)
                              D:/STM32CubeIDE_1.19.0/STM32CubeIDE/plugins/com.st.stm32cube.ide.mcu.externaltools.gnu-tools-for-stm32.13.3.rel1.win32_1.0.0.202411081344/tools/bin/../lib/gcc/arm-none-eabi/13.3.1/../../../../arm-none-eabi/lib/thumb/v7e-m+fp/hard\libc_nano.a(libc_a-findfp.o) (_fwalk_sglue)
D:/STM32CubeIDE_1.19.0/STM32CubeIDE/plugins/com.st.stm32cube.ide.mcu.externaltools.gnu-tools-for-stm32.13.3.rel1.win32_1.0.0.202411081344/tools/bin/../lib/gcc/arm-none-eabi/13.3.1/../../../../arm-none-eabi/lib/thumb/v7e-m+fp/hard\libc_nano.a(libc_a-printf.o)
                              ./Core/Src/freertos.o (printf)
D:/STM32CubeIDE_1.19.0/STM32CubeIDE/plugins/com.st.stm32cube.ide.mcu.externaltools.gnu-tools-for-stm32.13.3.rel1.win32_1.0.0.202411081344/tools/bin/../lib/gcc/arm-none-eabi/13.3.1/../../../../arm-none-eabi/lib/thumb/v7e-m+fp/hard\libc_nano.a(libc_a-puts.o)
                              ./Core/Src/freertos.o (puts)
D:/STM32CubeIDE_1.19.0/STM32CubeIDE/plugins/com.st.stm32cube.ide.mcu.externaltools.gnu-tools-for-stm32.13.3.rel1.win32_1.0.0.202411081344/tools/bin/../lib/gcc/arm-none-eabi/13.3.1/../../../../arm-none-eabi/lib/thumb/v7e-m+fp/hard\libc_nano.a(libc_a-setvbuf.o)
                              ./Core/Src/main.o (setvbuf)
D:/STM32CubeIDE_1.19.0/STM32CubeIDE/plugins/com.st.stm32cube.ide.mcu.externaltools.gnu-tools-for-stm32.13.3.rel1.win32_1.0.0.202411081344/tools/bin/../lib/gcc/arm-none-eabi/13.3.1/../../../../arm-none-eabi/lib/thumb/v7e-m+fp/hard\libc_nano.a(libc_a-stdio.o)
                              D:/STM32CubeIDE_1.19.0/STM32CubeIDE/plugins/com.st.stm32cube.ide.mcu.externaltools.gnu-tools-for-stm32.13.3.rel1.win32_1.0.0.202411081344/tools/bin/../lib/gcc/arm-none-eabi/13.3.1/../../../../arm-none-eabi/lib/thumb/v7e-m+fp/hard\libc_nano.a(libc_a-findfp.o) (__sread)
D:/STM32CubeIDE_1.19.0/STM32CubeIDE/plugins/com.st.stm32cube.ide.mcu.externaltools.gnu-tools-for-stm32.13.3.rel1.win32_1.0.0.202411081344/tools/bin/../lib/gcc/arm-none-eabi/13.3.1/../../../../arm-none-eabi/lib/thumb/v7e-m+fp/hard\libc_nano.a(libc_a-wbuf.o)
                              D:/STM32CubeIDE_1.19.0/STM32CubeIDE/plugins/com.st.stm32cube.ide.mcu.externaltools.gnu-tools-for-stm32.13.3.rel1.win32_1.0.0.202411081344/tools/bin/../lib/gcc/arm-none-eabi/13.3.1/../../../../arm-none-eabi/lib/thumb/v7e-m+fp/hard\libc_nano.a(libc_a-puts.o) (__swbuf_r)
D:/STM32CubeIDE_1.19.0/STM32CubeIDE/plugins/com.st.stm32cube.ide.mcu.externaltools.gnu-tools-for-stm32.13.3.rel1.win32_1.0.0.202411081344/tools/bin/../lib/gcc/arm-none-eabi/13.3.1/../../../../arm-none-eabi/lib/thumb/v7e-m+fp/hard\libc_nano.a(libc_a-wsetup.o)
                              D:/STM32CubeIDE_1.19.0/STM32CubeIDE/plugins/com.st.stm32cube.ide.mcu.externaltools.gnu-tools-for-stm32.13.3.rel1.win32_1.0.0.202411081344/tools/bin/../lib/gcc/arm-none-eabi/13.3.1/../../../../arm-none-eabi/lib/thumb/v7e-m+fp/hard\libc_nano.a(libc_a-puts.o) (__swsetup_r)
D:/STM32CubeIDE_1.19.0/STM32CubeIDE/plugins/com.st.stm32cube.ide.mcu.externaltools.gnu-tools-for-stm32.13.3.rel1.win32_1.0.0.202411081344/tools/bin/../lib/gcc/arm-none-eabi/13.3.1/../../../../arm-none-eabi/lib/thumb/v7e-m+fp/hard\libc_nano.a(libc_a-memset.o)
                              D:/STM32CubeIDE_1.19.0/STM32CubeIDE/plugins/com.st.stm32cube.ide.mcu.externaltools.gnu-tools-for-stm32.13.3.rel1.win32_1.0.0.202411081344/tools/bin/../lib/gcc/arm-none-eabi/13.3.1/../../../../arm-none-eabi/lib/thumb/v7e-m+fp/hard/crt0.o (memset)
[...]
Memory Configuration

Name             Origin             Length             Attributes
RAM              0x20000000         0x00020000         xrw
FLASH            0x08000000         0x00080000         xr
*default*        0x00000000         0xffffffff

Linker script and memory map

LOAD D:/STM32CubeIDE_1.19.0/STM32CubeIDE/plugins/com.st.stm32cube.ide.mcu.externaltools.gnu-tools-for-stm32.13.3.rel1.win32_1.0.0.202411081344/tools/bin/../lib/gcc/arm-none-eabi/13.3.1/thumb/v7e-m+fp/hard/crti.o
LOAD D:/STM32CubeIDE_1.19.0/STM32CubeIDE/plugins/com.st.stm32cube.ide.mcu.externaltools.gnu-tools-for-stm32.13.3.rel1.win32_1.0.0.202411081344/tools/bin/../lib/gcc/arm-none-eabi/13.3.1/thumb/v7e-m+fp/hard/crtbegin.o
LOAD D:/STM32CubeIDE_1.19.0/STM32CubeIDE/plugins/com.st.stm32cube.ide.mcu.externaltools.gnu-tools-for-stm32.13.3.rel1.win32_1.0.0.202411081344/tools/bin/../lib/gcc/arm-none-eabi/13.3.1/../../../../arm-none-eabi/lib/thumb/v7e-m+fp/hard/crt0.o
LOAD ./Core/Src/freertos.o
LOAD ./Core/Src/main.o
LOAD ./Core/Src/stm32f4xx_hal_msp.o
LOAD ./Core/Src/stm32f4xx_it.o
LOAD ./Core/Src/syscalls.o
LOAD ./Core/Src/sysmem.o
LOAD ./Core/Src/system_stm32f4xx.o
LOAD ./Core/Startup/startup_stm32f411retx.o
LOAD ./Drivers/STM32F4xx_HAL_Driver/Src/stm32f4xx_hal.o
LOAD ./Drivers/STM32F4xx_HAL_Driver/Src/stm32f4xx_hal_cortex.o
LOAD ./Drivers/STM32F4xx_HAL_Driver/Src/stm32f4xx_hal_dma.o
LOAD ./Drivers/STM32F4xx_HAL_Driver/Src/stm32f4xx_hal_dma_ex.o
LOAD ./Drivers/STM32F4xx_HAL_Driver/Src/stm32f4xx_hal_exti.o
LOAD ./Drivers/STM32F4xx_HAL_Driver/Src/stm32f4xx_hal_flash.o
LOAD ./Drivers/STM32F4xx_HAL_Driver/Src/stm32f4xx_hal_flash_ex.o
LOAD ./Drivers/STM32F4xx_HAL_Driver/Src/stm32f4xx_hal_flash_ramfunc.o
LOAD ./Drivers/STM32F4xx_HAL_Driver/Src/stm32f4xx_hal_gpio.o
LOAD ./Drivers/STM32F4xx_HAL_Driver/Src/stm32f4xx_hal_pwr.o
LOAD ./Drivers/STM32F4xx_HAL_Driver/Src/stm32f4xx_hal_pwr_ex.o
LOAD ./Drivers/STM32F4xx_HAL_Driver/Src/stm32f4xx_hal_rcc.o
LOAD ./Drivers/STM32F4xx_HAL_Driver/Src/stm32f4xx_hal_rcc_ex.o
LOAD ./Drivers/STM32F4xx_HAL_Driver/Src/stm32f4xx_hal_uart.o
LOAD ./Middlewares/Third_Party/FreeRTOS/Source/CMSIS_RTOS/cmsis_os.o
LOAD ./Middlewares/Third_Party/FreeRTOS/Source/croutine.o
LOAD ./Middlewares/Third_Party/FreeRTOS/Source/event_groups.o
LOAD ./Middlewares/Third_Party/FreeRTOS/Source/list.o
LOAD ./Middlewares/Third_Party/FreeRTOS/Source/queue.o
LOAD ./Middlewares/Third_Party/FreeRTOS/Source/stream_buffer.o
LOAD ./Middlewares/Third_Party/FreeRTOS/Source/tasks.o
LOAD ./Middlewares/Third_Party/FreeRTOS/Source/timers.o
LOAD ./Middlewares/Third_Party/FreeRTOS/Source/portable/GCC/ARM_CM4F/port.o
LOAD ./Middlewares/Third_Party/FreeRTOS/Source/portable/MemMang/heap_4.o
START GROUP
LOAD D:/STM32CubeIDE_1.19.0/STM32CubeIDE/plugins/com.st.stm32cube.ide.mcu.externaltools.gnu-tools-for-stm32.13.3.rel1.win32_1.0.0.202411081344/tools/bin/../lib/gcc/arm-none-eabi/13.3.1/../../../../arm-none-eabi/lib/thumb/v7e-m+fp/hard\libc_nano.a
LOAD D:/STM32CubeIDE_1.19.0/STM32CubeIDE/plugins/com.st.stm32cube.ide.mcu.externaltools.gnu-tools-for-stm32.13.3.rel1.win32_1.0.0.202411081344/tools/bin/../lib/gcc/arm-none-eabi/13.3.1/../../../../arm-none-eabi/lib/thumb/v7e-m+fp/hard\libm.a
END GROUP
START GROUP
LOAD D:/STM32CubeIDE_1.19.0/STM32CubeIDE/plugins/com.st.stm32cube.ide.mcu.externaltools.gnu-tools-for-stm32.13.3.rel1.win32_1.0.0.202411081344/tools/bin/../lib/gcc/arm-none-eabi/13.3.1/thumb/v7e-m+fp/hard\libgcc.a
LOAD D:/STM32CubeIDE_1.19.0/STM32CubeIDE/plugins/com.st.stm32cube.ide.mcu.externaltools.gnu-tools-for-stm32.13.3.rel1.win32_1.0.0.202411081344/tools/bin/../lib/gcc/arm-none-eabi/13.3.1/../../../../arm-none-eabi/lib/thumb/v7e-m+fp/hard\libc_nano.a
END GROUP
START GROUP
LOAD D:/STM32CubeIDE_1.19.0/STM32CubeIDE/plugins/com.st.stm32cube.ide.mcu.externaltools.gnu-tools-for-stm32.13.3.rel1.win32_1.0.0.202411081344/tools/bin/../lib/gcc/arm-none-eabi/13.3.1/thumb/v7e-m+fp/hard\libgcc.a
LOAD D:/STM32CubeIDE_1.19.0/STM32CubeIDE/plugins/com.st.stm32cube.ide.mcu.externaltools.gnu-tools-for-stm32.13.3.rel1.win32_1.0.0.202411081344/tools/bin/../lib/gcc/arm-none-eabi/13.3.1/../../../../arm-none-eabi/lib/thumb/v7e-m+fp/hard\libc_nano.a
LOAD D:/STM32CubeIDE_1.19.0/STM32CubeIDE/plugins/com.st.stm32cube.ide.mcu.externaltools.gnu-tools-for-stm32.13.3.rel1.win32_1.0.0.202411081344/tools/bin/../lib/gcc/arm-none-eabi/13.3.1/../../../../arm-none-eabi/lib/thumb/v7e-m+fp/hard\libnosys.a
END GROUP
START GROUP
LOAD D:/STM32CubeIDE_1.19.0/STM32CubeIDE/plugins/com.st.stm32cube.ide.mcu.externaltools.gnu-tools-for-stm32.13.3.rel1.win32_1.0.0.202411081344/tools/bin/../lib/gcc/arm-none-eabi/13.3.1/thumb/v7e-m+fp/hard\libgcc.a
LOAD D:/STM32CubeIDE_1.19.0/STM32CubeIDE/plugins/com.st.stm32cube.ide.mcu.externaltools.gnu-tools-for-stm32.13.3.rel1.win32_1.0.0.202411081344/tools/bin/../lib/gcc/arm-none-eabi/13.3.1/../../../../arm-none-eabi/lib/thumb/v7e-m+fp/hard\libc_nano.a
LOAD D:/STM32CubeIDE_1.19.0/STM32CubeIDE/plugins/com.st.stm32cube.ide.mcu.externaltools.gnu-tools-for-stm32.13.3.rel1.win32_1.0.0.202411081344/tools/bin/../lib/gcc/arm-none-eabi/13.3.1/../../../../arm-none-eabi/lib/thumb/v7e-m+fp/hard\libnosys.a
END GROUP
LOAD D:/STM32CubeIDE_1.19.0/STM32CubeIDE/plugins/com.st.stm32cube.ide.mcu.externaltools.gnu-tools-for-stm32.13.3.rel1.win32_1.0.0.202411081344/tools/bin/../lib/gcc/arm-none-eabi/13.3.1/thumb/v7e-m+fp/hard/crtend.o
LOAD D:/STM32CubeIDE_1.19.0/STM32CubeIDE/plugins/com.st.stm32cube.ide.mcu.externaltools.gnu-tools-for-stm32.13.3.rel1.win32_1.0.0.202411081344/tools/bin/../lib/gcc/arm-none-eabi/13.3.1/thumb/v7e-m+fp/hard/crtn.o
                0x20020000                        _estack = (ORIGIN (RAM) + LENGTH (RAM))
                0x00000200                        _Min_Heap_Size = 0x200
                0x00000400                        _Min_Stack_Size = 0x400

.isr_vector     0x08000000      0x198
                0x08000000                        . = ALIGN (0x4)
 *(.isr_vector)
 .isr_vector    0x08000000      0x198 ./Core/Startup/startup_stm32f411retx.o
                0x08000000                g_pfnVectors
                0x08000198                        . = ALIGN (0x4)

.text           0x080001a0     0x5358
                0x080001a0                        . = ALIGN (0x4)
 *(.text)
 .text          0x080001a0       0x40 D:/STM32CubeIDE_1.19.0/STM32CubeIDE/plugins/com.st.stm32cube.ide.mcu.externaltools.gnu-tools-for-stm32.13.3.rel1.win32_1.0.0.202411081344/tools/bin/../lib/gcc/arm-none-eabi/13.3.1/thumb/v7e-m+fp/hard/crtbegin.o
 .text          0x080001e0       0xa0 D:/STM32CubeIDE_1.19.0/STM32CubeIDE/plugins/com.st.stm32cube.ide.mcu.externaltools.gnu-tools-for-stm32.13.3.rel1.win32_1.0.0.202411081344/tools/bin/../lib/gcc/arm-none-eabi/13.3.1/../../../../arm-none-eabi/lib/thumb/v7e-m+fp/hard\libc_nano.a(libc_a-memchr.o)
                0x080001e0                memchr
 .text          0x08000280       0x30 D:/STM32CubeIDE_1.19.0/STM32CubeIDE/plugins/com.st.stm32cube.ide.mcu.externaltools.gnu-tools-for-stm32.13.3.rel1.win32_1.0.0.202411081344/tools/bin/../lib/gcc/arm-none-eabi/13.3.1/thumb/v7e-m+fp/hard\libgcc.a(_aeabi_uldivmod.o)
                0x08000280                __aeabi_uldivmod
 .text          0x080002b0      0x2f8 D:/STM32CubeIDE_1.19.0/STM32CubeIDE/plugins/com.st.stm32cube.ide.mcu.externaltools.gnu-tools-for-stm32.13.3.rel1.win32_1.0.0.202411081344/tools/bin/../lib/gcc/arm-none-eabi/13.3.1/thumb/v7e-m+fp/hard\libgcc.a(_udivmoddi4.o)
                0x080002b0                __udivmoddi4
 .text          0x080005a8        0x4 D:/STM32CubeIDE_1.19.0/STM32CubeIDE/plugins/com.st.stm32cube.ide.mcu.externaltools.gnu-tools-for-stm32.13.3.rel1.win32_1.0.0.202411081344/tools/bin/../lib/gcc/arm-none-eabi/13.3.1/thumb/v7e-m+fp/hard\libgcc.a(_dvmd_tls.o)
                0x080005a8                __aeabi_idiv0
                0x080005a8                __aeabi_ldiv0
 *(.text*)
 .text.ProducerTask_func
                0x080005ac       0x6c ./Core/Src/freertos.o
                0x080005ac                ProducerTask_func
 .text.ConsumerTask_func
                0x08000618       0x64 ./Core/Src/freertos.o
                0x08000618                ConsumerTask_func
 .text.__io_putchar
                0x0800067c       0x24 ./Core/Src/main.o
                0x0800067c                __io_putchar
 .text.main     0x080006a0       0xc8 ./Core/Src/main.o
                0x080006a0                main
 .text.StartDefaultTask
                0x08000768       0x12 ./Core/Src/main.o
                0x08000768                StartDefaultTask
 *fill*         0x0800077a        0x2 
 .text.SystemClock_Config
                0x0800077c       0xd4 ./Core/Src/main.o
                0x0800077c                SystemClock_Config
 .text.MX_GPIO_Init
                0x08000850       0x60 ./Core/Src/main.o
 .text.MX_USART2_UART_Init
                0x080008b0       0x54 ./Core/Src/main.o
 .text.Error_Handler
                0x08000904        0xc ./Core/Src/main.o
                0x08000904                Error_Handler
 .text.HAL_MspInit
                0x08000910       0x58 ./Core/Src/stm32f4xx_hal_msp.o
                0x08000910                HAL_MspInit
 .text.HAL_UART_MspInit
                0x08000968       0x90 ./Core/Src/stm32f4xx_hal_msp.o
                0x08000968                HAL_UART_MspInit
 .text.NMI_Handler
                0x080009f8        0x8 ./Core/Src/stm32f4xx_it.o
                0x080009f8                NMI_Handler
 .text.HardFault_Handler
                0x08000a00        0x8 ./Core/Src/stm32f4xx_it.o
                0x08000a00                HardFault_Handler
 .text.MemManage_Handler
                0x08000a08        0x8 ./Core/Src/stm32f4xx_it.o
                0x08000a08                MemManage_Handler
 .text.BusFault_Handler
                0x08000a10        0x8 ./Core/Src/stm32f4xx_it.o
                0x08000a10                BusFault_Handler
 .text.UsageFault_Handler
                0x08000a18        0x8 ./Core/Src/stm32f4xx_it.o
                0x08000a18                UsageFault_Handler
 .text.DebugMon_Handler
                0x08000a20        0xe ./Core/Src/stm32f4xx_it.o
                0x08000a20                DebugMon_Handler
 .text.SysTick_Handler
                0x08000a2e       0x1a ./Core/Src/stm32f4xx_it.o
                0x08000a2e                SysTick_Handler
 .text._read    0x08000a48       0x3a ./Core/Src/syscalls.o
                0x08000a48                _read
 .text._write   0x08000a82       0x38 ./Core/Src/syscalls.o
                0x08000a82                _write
 .text._close   0x08000aba       0x18 ./Core/Src/syscalls.o
                0x08000aba                _close
 .text._fstat   0x08000ad2       0x20 ./Core/Src/syscalls.o
                0x08000ad2                _fstat
 .text._isatty  0x08000af2       0x16 ./Core/Src/syscalls.o
                0x08000af2                _isatty
 .text._lseek   0x08000b08       0x1a ./Core/Src/syscalls.o
                0x08000b08                _lseek
 *fill*         0x08000b22        0x2 
 .text._sbrk    0x08000b24       0x6c ./Core/Src/sysmem.o
                0x08000b24                _sbrk
 .text.SystemInit
                0x08000b90       0x24 ./Core/Src/system_stm32f4xx.o
                0x08000b90                SystemInit
 .text.Reset_Handler
                0x08000bb4       0x50 ./Core/Startup/startup_stm32f411retx.o
                0x08000bb4                Reset_Handler
 .text.Default_Handler
                0x08000c04        0x2 ./Core/Startup/startup_stm32f411retx.o
                0x08000c04                RTC_Alarm_IRQHandler
                0x08000c04                EXTI2_IRQHandler
                0x08000c04                SPI4_IRQHandler
                0x08000c04                TIM1_CC_IRQHandler
                0x08000c04                DMA2_Stream5_IRQHandler
                0x08000c04                DMA1_Stream5_IRQHandler
                0x08000c04                PVD_IRQHandler
                0x08000c04                SDIO_IRQHandler
                0x08000c04                TAMP_STAMP_IRQHandler
                0x08000c04                EXTI3_IRQHandler
                0x08000c04                TIM1_UP_TIM10_IRQHandler
                0x08000c04                I2C3_ER_IRQHandler
                0x08000c04                EXTI0_IRQHandler
                0x08000c04                I2C2_EV_IRQHandler
                0x08000c04                DMA1_Stream2_IRQHandler
                0x08000c04                FPU_IRQHandler
                0x08000c04                DMA2_Stream2_IRQHandler
                0x08000c04                SPI1_IRQHandler
                0x08000c04                TIM1_BRK_TIM9_IRQHandler
                0x08000c04                DMA2_Stream3_IRQHandler
                0x08000c04                USART6_IRQHandler
                0x08000c04                DMA2_Stream0_IRQHandler
                0x08000c04                TIM4_IRQHandler
                0x08000c04                I2C1_EV_IRQHandler
                0x08000c04                DMA1_Stream6_IRQHandler
                0x08000c04                DMA1_Stream1_IRQHandler
                0x08000c04                TIM3_IRQHandler
                0x08000c04                RCC_IRQHandler
                0x08000c04                Default_Handler
                0x08000c04                EXTI15_10_IRQHandler
                0x08000c04                ADC_IRQHandler
                0x08000c04                DMA1_Stream7_IRQHandler
                0x08000c04                SPI5_IRQHandler
                0x08000c04                TIM5_IRQHandler
                0x08000c04                DMA2_Stream7_IRQHandler
                0x08000c04                I2C3_EV_IRQHandler
                0x08000c04                EXTI9_5_IRQHandler
                0x08000c04                RTC_WKUP_IRQHandler
                0x08000c04                SPI2_IRQHandler
                0x08000c04                DMA1_Stream0_IRQHandler
                0x08000c04                EXTI4_IRQHandler
                0x08000c04                WWDG_IRQHandler
                0x08000c04                TIM2_IRQHandler
                0x08000c04                OTG_FS_WKUP_IRQHandler
                0x08000c04                TIM1_TRG_COM_TIM11_IRQHandler
                0x08000c04                EXTI1_IRQHandler
                0x08000c04                USART2_IRQHandler
                0x08000c04                I2C2_ER_IRQHandler
                0x08000c04                DMA2_Stream1_IRQHandler
                0x08000c04                FLASH_IRQHandler
                0x08000c04                DMA2_Stream4_IRQHandler
                0x08000c04                USART1_IRQHandler
                0x08000c04                OTG_FS_IRQHandler
                0x08000c04                SPI3_IRQHandler
                0x08000c04                DMA1_Stream4_IRQHandler
                0x08000c04                I2C1_ER_IRQHandler
                0x08000c04                DMA2_Stream6_IRQHandler
                0x08000c04                DMA1_Stream3_IRQHandler
 *fill*         0x08000c06        0x2 
 .text.HAL_Init
                0x08000c08       0x44 ./Drivers/STM32F4xx_HAL_Driver/Src/stm32f4xx_hal.o
                0x08000c08                HAL_Init
 .text.HAL_InitTick
                0x08000c4c       0x60 ./Drivers/STM32F4xx_HAL_Driver/Src/stm32f4xx_hal.o
                0x08000c4c                HAL_InitTick
 .text.HAL_IncTick
                0x08000cac       0x28 ./Drivers/STM32F4xx_HAL_Driver/Src/stm32f4xx_hal.o
                0x08000cac                HAL_IncTick
 .text.HAL_GetTick
                0x08000cd4       0x18 ./Drivers/STM32F4xx_HAL_Driver/Src/stm32f4xx_hal.o
                0x08000cd4                HAL_GetTick
 .text.__NVIC_SetPriorityGrouping
                0x08000cec       0x48 ./Drivers/STM32F4xx_HAL_Driver/Src/stm32f4xx_hal_cortex.o
 .text.__NVIC_GetPriorityGrouping
                0x08000d34       0x1c ./Drivers/STM32F4xx_HAL_Driver/Src/stm32f4xx_hal_cortex.o
 .text.__NVIC_SetPriority
                0x08000d50       0x54 ./Drivers/STM32F4xx_HAL_Driver/Src/stm32f4xx_hal_cortex.o
 .text.NVIC_EncodePriority
                0x08000da4       0x66 ./Drivers/STM32F4xx_HAL_Driver/Src/stm32f4xx_hal_cortex.o
 *fill*         0x08000e0a        0x2 
 .text.SysTick_Config
                0x08000e0c       0x44 ./Drivers/STM32F4xx_HAL_Driver/Src/stm32f4xx_hal_cortex.o
 .text.HAL_NVIC_SetPriorityGrouping
                0x08000e50       0x16 ./Drivers/STM32F4xx_HAL_Driver/Src/stm32f4xx_hal_cortex.o
                0x08000e50                HAL_NVIC_SetPriorityGrouping
 .text.HAL_NVIC_SetPriority
                0x08000e66       0x38 ./Drivers/STM32F4xx_HAL_Driver/Src/stm32f4xx_hal_cortex.o
                0x08000e66                HAL_NVIC_SetPriority
 .text.HAL_SYSTICK_Config
                0x08000e9e       0x18 ./Drivers/STM32F4xx_HAL_Driver/Src/stm32f4xx_hal_cortex.o
                0x08000e9e                HAL_SYSTICK_Config
 *fill*         0x08000eb6        0x2 
 .text.HAL_GPIO_Init
                0x08000eb8      0x308 ./Drivers/STM32F4xx_HAL_Driver/Src/stm32f4xx_hal_gpio.o
                0x08000eb8                HAL_GPIO_Init
 .text.HAL_RCC_OscConfig
                0x080011c0      0x4f0 ./Drivers/STM32F4xx_HAL_Driver/Src/stm32f4xx_hal_rcc.o
                0x080011c0                HAL_RCC_OscConfig
 .text.HAL_RCC_ClockConfig
                0x080016b0      0x1cc ./Drivers/STM32F4xx_HAL_Driver/Src/stm32f4xx_hal_rcc.o
                0x080016b0                HAL_RCC_ClockConfig
 .text.HAL_RCC_GetSysClockFreq
                0x0800187c      0x20c ./Drivers/STM32F4xx_HAL_Driver/Src/stm32f4xx_hal_rcc.o
                0x0800187c                HAL_RCC_GetSysClockFreq
 .text.HAL_RCC_GetHCLKFreq
                0x08001a88       0x18 ./Drivers/STM32F4xx_HAL_Driver/Src/stm32f4xx_hal_rcc.o
                0x08001a88                HAL_RCC_GetHCLKFreq
 .text.HAL_RCC_GetPCLK1Freq
                0x08001aa0       0x28 ./Drivers/STM32F4xx_HAL_Driver/Src/stm32f4xx_hal_rcc.o
                0x08001aa0                HAL_RCC_GetPCLK1Freq
 .text.HAL_RCC_GetPCLK2Freq
                0x08001ac8       0x28 ./Drivers/STM32F4xx_HAL_Driver/Src/stm32f4xx_hal_rcc.o
                0x08001ac8                HAL_RCC_GetPCLK2Freq
 .text.HAL_UART_Init
                0x08001af0       0xa0 ./Drivers/STM32F4xx_HAL_Driver/Src/stm32f4xx_hal_uart.o
                0x08001af0                HAL_UART_Init
 .text.HAL_UART_Transmit
                0x08001b90      0x116 ./Drivers/STM32F4xx_HAL_Driver/Src/stm32f4xx_hal_uart.o
                0x08001b90                HAL_UART_Transmit
 .text.UART_WaitOnFlagUntilTimeout
                0x08001ca6       0xb2 ./Drivers/STM32F4xx_HAL_Driver/Src/stm32f4xx_hal_uart.o
 .text.UART_EndRxTransfer
                0x08001d58       0xc6 ./Drivers/STM32F4xx_HAL_Driver/Src/stm32f4xx_hal_uart.o
 *fill*         0x08001e1e        0x2 
 .text.UART_SetConfig
                0x08001e20      0x4e8 ./Drivers/STM32F4xx_HAL_Driver/Src/stm32f4xx_hal_uart.o
 .text.makeFreeRtosPriority
                0x08002308       0x30 ./Middlewares/Third_Party/FreeRTOS/Source/CMSIS_RTOS/cmsis_os.o
 .text.osKernelStart
                0x08002338        0xe ./Middlewares/Third_Party/FreeRTOS/Source/CMSIS_RTOS/cmsis_os.o
                0x08002338                osKernelStart
 .text.osThreadCreate
                0x08002346       0x4e ./Middlewares/Third_Party/FreeRTOS/Source/CMSIS_RTOS/cmsis_os.o
                0x08002346                osThreadCreate
 .text.osDelay  0x08002394       0x28 ./Middlewares/Third_Party/FreeRTOS/Source/CMSIS_RTOS/cmsis_os.o
                0x08002394                osDelay
 .text.vListInitialise
                0x080023bc       0x40 ./Middlewares/Third_Party/FreeRTOS/Source/list.o
                0x080023bc                vListInitialise
 .text.vListInitialiseItem
                0x080023fc       0x1a ./Middlewares/Third_Party/FreeRTOS/Source/list.o
                0x080023fc                vListInitialiseItem
 .text.vListInsertEnd
                0x08002416       0x48 ./Middlewares/Third_Party/FreeRTOS/Source/list.o
                0x08002416                vListInsertEnd
 .text.vListInsert
                0x0800245e       0x72 ./Middlewares/Third_Party/FreeRTOS/Source/list.o
                0x0800245e                vListInsert
 .text.uxListRemove
                0x080024d0       0x54 ./Middlewares/Third_Party/FreeRTOS/Source/list.o
                0x080024d0                uxListRemove
 .text.xQueueGenericReset
                0x08002524       0xd4 ./Middlewares/Third_Party/FreeRTOS/Source/queue.o
                0x08002524                xQueueGenericReset
 .text.xQueueGenericCreate
                0x080025f8       0x6e ./Middlewares/Third_Party/FreeRTOS/Source/queue.o
                0x080025f8                xQueueGenericCreate
 .text.prvInitialiseNewQueue
                0x08002666       0x3e ./Middlewares/Third_Party/FreeRTOS/Source/queue.o
 .text.xQueueCreateCountingSemaphore
                0x080026a4       0x6a ./Middlewares/Third_Party/FreeRTOS/Source/queue.o
                0x080026a4                xQueueCreateCountingSemaphore
 *fill*         0x0800270e        0x2 
 .text.xQueueGenericSend
                0x08002710      0x204 ./Middlewares/Third_Party/FreeRTOS/Source/queue.o
                0x08002710                xQueueGenericSend
 .text.xQueueSemaphoreTake
                0x08002914      0x220 ./Middlewares/Third_Party/FreeRTOS/Source/queue.o
                0x08002914                xQueueSemaphoreTake
 .text.uxQueueMessagesWaiting
                0x08002b34       0x3e ./Middlewares/Third_Party/FreeRTOS/Source/queue.o
                0x08002b34                uxQueueMessagesWaiting
 .text.prvGetDisinheritPriorityAfterTimeout
                0x08002b72       0x30 ./Middlewares/Third_Party/FreeRTOS/Source/queue.o
 .text.prvCopyDataToQueue
                0x08002ba2       0xd4 ./Middlewares/Third_Party/FreeRTOS/Source/queue.o
 .text.prvUnlockQueue
                0x08002c76       0xa4 ./Middlewares/Third_Party/FreeRTOS/Source/queue.o
 .text.prvIsQueueEmpty
                0x08002d1a       0x2c ./Middlewares/Third_Party/FreeRTOS/Source/queue.o
 .text.prvIsQueueFull
                0x08002d46       0x30 ./Middlewares/Third_Party/FreeRTOS/Source/queue.o
 .text.xTaskCreate
                0x08002d76       0x82 ./Middlewares/Third_Party/FreeRTOS/Source/tasks.o
                0x08002d76                xTaskCreate
 .text.prvInitialiseNewTask
                0x08002df8      0x110 ./Middlewares/Third_Party/FreeRTOS/Source/tasks.o
 .text.prvAddNewTaskToReadyList
                0x08002f08       0xd4 ./Middlewares/Third_Party/FreeRTOS/Source/tasks.o
 .text.vTaskDelay
                0x08002fdc       0x6c ./Middlewares/Third_Party/FreeRTOS/Source/tasks.o
                0x08002fdc                vTaskDelay
 .text.vTaskStartScheduler
                0x08003048       0x90 ./Middlewares/Third_Party/FreeRTOS/Source/tasks.o
                0x08003048                vTaskStartScheduler
 .text.vTaskSuspendAll
                0x080030d8       0x1c ./Middlewares/Third_Party/FreeRTOS/Source/tasks.o
                0x080030d8                vTaskSuspendAll
 .text.xTaskResumeAll
                0x080030f4      0x13c ./Middlewares/Third_Party/FreeRTOS/Source/tasks.o
                0x080030f4                xTaskResumeAll
 .text.xTaskIncrementTick
                0x08003230      0x174 ./Middlewares/Third_Party/FreeRTOS/Source/tasks.o
                0x08003230                xTaskIncrementTick
 .text.vTaskSwitchContext
                0x080033a4       0xb8 ./Middlewares/Third_Party/FreeRTOS/Source/tasks.o
                0x080033a4                vTaskSwitchContext
 .text.vTaskPlaceOnEventList
                0x0800345c       0x4c ./Middlewares/Third_Party/FreeRTOS/Source/tasks.o
                0x0800345c                vTaskPlaceOnEventList
 .text.xTaskRemoveFromEventList
                0x080034a8       0xc8 ./Middlewares/Third_Party/FreeRTOS/Source/tasks.o
                0x080034a8                xTaskRemoveFromEventList
 .text.vTaskInternalSetTimeOutState
                0x08003570       0x2c ./Middlewares/Third_Party/FreeRTOS/Source/tasks.o
                0x08003570                vTaskInternalSetTimeOutState
 .text.xTaskCheckForTimeOut
                0x0800359c       0xc8 ./Middlewares/Third_Party/FreeRTOS/Source/tasks.o
                0x0800359c                xTaskCheckForTimeOut
 .text.vTaskMissedYield
                0x08003664       0x18 ./Middlewares/Third_Party/FreeRTOS/Source/tasks.o
                0x08003664                vTaskMissedYield
 .text.prvIdleTask
                0x0800367c       0x30 ./Middlewares/Third_Party/FreeRTOS/Source/tasks.o
 .text.prvInitialiseTaskLists
                0x080036ac       0x80 ./Middlewares/Third_Party/FreeRTOS/Source/tasks.o
 .text.prvCheckTasksWaitingTermination
                0x0800372c       0x5c ./Middlewares/Third_Party/FreeRTOS/Source/tasks.o
 .text.prvDeleteTCB
                0x08003788       0x20 ./Middlewares/Third_Party/FreeRTOS/Source/tasks.o
 .text.prvResetNextTaskUnblockTime
                0x080037a8       0x40 ./Middlewares/Third_Party/FreeRTOS/Source/tasks.o
 .text.xTaskGetSchedulerState
                0x080037e8       0x3c ./Middlewares/Third_Party/FreeRTOS/Source/tasks.o
                0x080037e8                xTaskGetSchedulerState
 .text.xTaskPriorityInherit
                0x08003824       0xec ./Middlewares/Third_Party/FreeRTOS/Source/tasks.o
                0x08003824                xTaskPriorityInherit
 .text.xTaskPriorityDisinherit
                0x08003910      0x110 ./Middlewares/Third_Party/FreeRTOS/Source/tasks.o
                0x08003910                xTaskPriorityDisinherit
 .text.vTaskPriorityDisinheritAfterTimeout
                0x08003a20      0x120 ./Middlewares/Third_Party/FreeRTOS/Source/tasks.o
                0x08003a20                vTaskPriorityDisinheritAfterTimeout
 .text.pvTaskIncrementMutexHeldCount
                0x08003b40       0x28 ./Middlewares/Third_Party/FreeRTOS/Source/tasks.o
                0x08003b40                pvTaskIncrementMutexHeldCount
 .text.prvAddCurrentTaskToDelayedList
                0x08003b68       0xcc ./Middlewares/Third_Party/FreeRTOS/Source/tasks.o
 .text.pxPortInitialiseStack
                0x08003c34       0x68 ./Middlewares/Third_Party/FreeRTOS/Source/portable/GCC/ARM_CM4F/port.o
                0x08003c34                pxPortInitialiseStack
 .text.prvTaskExitError
                0x08003c9c       0x5c ./Middlewares/Third_Party/FreeRTOS/Source/portable/GCC/ARM_CM4F/port.o
 *fill*         0x08003cf8        0x8 
 .text.SVC_Handler
                0x08003d00       0x28 ./Middlewares/Third_Party/FreeRTOS/Source/portable/GCC/ARM_CM4F/port.o
                0x08003d00                SVC_Handler
 .text.prvPortStartFirstTask
                0x08003d28       0x28 ./Middlewares/Third_Party/FreeRTOS/Source/portable/GCC/ARM_CM4F/port.o
 .text.xPortStartScheduler
                0x08003d50      0x148 ./Middlewares/Third_Party/FreeRTOS/Source/portable/GCC/ARM_CM4F/port.o
                0x08003d50                xPortStartScheduler
 .text.vPortEnterCritical
                0x08003e98       0x64 ./Middlewares/Third_Party/FreeRTOS/Source/portable/GCC/ARM_CM4F/port.o
                0x08003e98                vPortEnterCritical
 .text.vPortExitCritical
                0x08003efc       0x54 ./Middlewares/Third_Party/FreeRTOS/Source/portable/GCC/ARM_CM4F/port.o
                0x08003efc                vPortExitCritical
 .text.PendSV_Handler
                0x08003f50       0x68 ./Middlewares/Third_Party/FreeRTOS/Source/portable/GCC/ARM_CM4F/port.o
                0x08003f50                PendSV_Handler
 .text.xPortSysTickHandler
                0x08003fb8       0x44 ./Middlewares/Third_Party/FreeRTOS/Source/portable/GCC/ARM_CM4F/port.o
                0x08003fb8                xPortSysTickHandler
 .text.vPortSetupTimerInterrupt
                0x08003ffc       0x48 ./Middlewares/Third_Party/FreeRTOS/Source/portable/GCC/ARM_CM4F/port.o
                0x08003ffc                vPortSetupTimerInterrupt
 .text.vPortEnableVFP
                0x08004044       0x14 ./Middlewares/Third_Party/FreeRTOS/Source/portable/GCC/ARM_CM4F/port.o
 .text.pvPortMalloc
                0x08004058      0x19c ./Middlewares/Third_Party/FreeRTOS/Source/portable/MemMang/heap_4.o
                0x08004058                pvPortMalloc
 .text.vPortFree
                0x080041f4       0xc8 ./Middlewares/Third_Party/FreeRTOS/Source/portable/MemMang/heap_4.o
                0x080041f4                vPortFree
 .text.prvHeapInit
                0x080042bc       0xc4 ./Middlewares/Third_Party/FreeRTOS/Source/portable/MemMang/heap_4.o
 .text.prvInsertBlockIntoFreeList
                0x08004380       0xb4 ./Middlewares/Third_Party/FreeRTOS/Source/portable/MemMang/heap_4.o
 .text.std      0x08004434       0x6c D:/STM32CubeIDE_1.19.0/STM32CubeIDE/plugins/com.st.stm32cube.ide.mcu.externaltools.gnu-tools-for-stm32.13.3.rel1.win32_1.0.0.202411081344/tools/bin/../lib/gcc/arm-none-eabi/13.3.1/../../../../arm-none-eabi/lib/thumb/v7e-m+fp/hard\libc_nano.a(libc_a-findfp.o)
 .text.stdio_exit_handler
                0x080044a0       0x18 D:/STM32CubeIDE_1.19.0/STM32CubeIDE/plugins/com.st.stm32cube.ide.mcu.externaltools.gnu-tools-for-stm32.13.3.rel1.win32_1.0.0.202411081344/tools/bin/../lib/gcc/arm-none-eabi/13.3.1/../../../../arm-none-eabi/lib/thumb/v7e-m+fp/hard\libc_nano.a(libc_a-findfp.o)
 .text.cleanup_stdio
                0x080044b8       0x40 D:/STM32CubeIDE_1.19.0/STM32CubeIDE/plugins/com.st.stm32cube.ide.mcu.externaltools.gnu-tools-for-stm32.13.3.rel1.win32_1.0.0.202411081344/tools/bin/../lib/gcc/arm-none-eabi/13.3.1/../../../../arm-none-eabi/lib/thumb/v7e-m+fp/hard\libc_nano.a(libc_a-findfp.o)
 .text.global_stdio_init.part.0
                0x080044f8       0x3c D:/STM32CubeIDE_1.19.0/STM32CubeIDE/plugins/com.st.stm32cube.ide.mcu.externaltools.gnu-tools-for-stm32.13.3.rel1.win32_1.0.0.202411081344/tools/bin/../lib/gcc/arm-none-eabi/13.3.1/../../../../arm-none-eabi/lib/thumb/v7e-m+fp/hard\libc_nano.a(libc_a-findfp.o)
 .text.__sfp_lock_acquire
                0x08004534        0xc D:/STM32CubeIDE_1.19.0/STM32CubeIDE/plugins/com.st.stm32cube.ide.mcu.externaltools.gnu-tools-for-stm32.13.3.rel1.win32_1.0.0.202411081344/tools/bin/../lib/gcc/arm-none-eabi/13.3.1/../../../../arm-none-eabi/lib/thumb/v7e-m+fp/hard\libc_nano.a(libc_a-findfp.o)
                0x08004534                __sfp_lock_acquire
 .text.__sfp_lock_release
                0x08004540        0xc D:/STM32CubeIDE_1.19.0/STM32CubeIDE/plugins/com.st.stm32cube.ide.mcu.externaltools.gnu-tools-for-stm32.13.3.rel1.win32_1.0.0.202411081344/tools/bin/../lib/gcc/arm-none-eabi/13.3.1/../../../../arm-none-eabi/lib/thumb/v7e-m+fp/hard\libc_nano.a(libc_a-findfp.o)
                0x08004540                __sfp_lock_release
 .text.__sinit  0x0800454c       0x30 D:/STM32CubeIDE_1.19.0/STM32CubeIDE/plugins/com.st.stm32cube.ide.mcu.externaltools.gnu-tools-for-stm32.13.3.rel1.win32_1.0.0.202411081344/tools/bin/../lib/gcc/arm-none-eabi/13.3.1/../../../../arm-none-eabi/lib/thumb/v7e-m+fp/hard\libc_nano.a(libc_a-findfp.o)
                0x0800454c                __sinit
 .text._fwalk_sglue
                0x0800457c       0x3c D:/STM32CubeIDE_1.19.0/STM32CubeIDE/plugins/com.st.stm32cube.ide.mcu.externaltools.gnu-tools-for-stm32.13.3.rel1.win32_1.0.0.202411081344/tools/bin/../lib/gcc/arm-none-eabi/13.3.1/../../../../arm-none-eabi/lib/thumb/v7e-m+fp/hard\libc_nano.a(libc_a-fwalk.o)
                0x0800457c                _fwalk_sglue
 .text.printf   0x080045b8       0x24 D:/STM32CubeIDE_1.19.0/STM32CubeIDE/plugins/com.st.stm32cube.ide.mcu.externaltools.gnu-tools-for-stm32.13.3.rel1.win32_1.0.0.202411081344/tools/bin/../lib/gcc/arm-none-eabi/13.3.1/../../../../arm-none-eabi/lib/thumb/v7e-m+fp/hard\libc_nano.a(libc_a-printf.o)
                0x080045b8                iprintf
                0x080045b8                printf
 .text._puts_r  0x080045dc       0xaa D:/STM32CubeIDE_1.19.0/STM32CubeIDE/plugins/com.st.stm32cube.ide.mcu.externaltools.gnu-tools-for-stm32.13.3.rel1.win32_1.0.0.202411081344/tools/bin/../lib/gcc/arm-none-eabi/13.3.1/../../../../arm-none-eabi/lib/thumb/v7e-m+fp/hard\libc_nano.a(libc_a-puts.o)
                0x080045dc                _puts_r
 *fill*         0x08004686        0x2 
 .text.puts     0x08004688       0x10 D:/STM32CubeIDE_1.19.0/STM32CubeIDE/plugins/com.st.stm32cube.ide.mcu.externaltools.gnu-tools-for-stm32.13.3.rel1.win32_1.0.0.202411081344/tools/bin/../lib/gcc/arm-none-eabi/13.3.1/../../../../arm-none-eabi/lib/thumb/v7e-m+fp/hard\libc_nano.a(libc_a-puts.o)
                0x08004688                puts
 .text.setvbuf  0x08004698      0x168 D:/STM32CubeIDE_1.19.0/STM32CubeIDE/plugins/com.st.stm32cube.ide.mcu.externaltools.gnu-tools-for-stm32.13.3.rel1.win32_1.0.0.202411081344/tools/bin/../lib/gcc/arm-none-eabi/13.3.1/../../../../arm-none-eabi/lib/thumb/v7e-m+fp/hard\libc_nano.a(libc_a-setvbuf.o)
                0x08004698                setvbuf
 .text.__sread  0x08004800       0x22 D:/STM32CubeIDE_1.19.0/STM32CubeIDE/plugins/com.st.stm32cube.ide.mcu.externaltools.gnu-tools-for-stm32.13.3.rel1.win32_1.0.0.202411081344/tools/bin/../lib/gcc/arm-none-eabi/13.3.1/../../../../arm-none-eabi/lib/thumb/v7e-m+fp/hard\libc_nano.a(libc_a-stdio.o)
                0x08004800                __sread
 .text.__swrite
                0x08004822       0x38 D:/STM32CubeIDE_1.19.0/STM32CubeIDE/plugins/com.st.stm32cube.ide.mcu.externaltools.gnu-tools-for-stm32.13.3.rel1.win32_1.0.0.202411081344/tools/bin/../lib/gcc/arm-none-eabi/13.3.1/../../../../arm-none-eabi/lib/thumb/v7e-m+fp/hard\libc_nano.a(libc_a-stdio.o)
                0x08004822                __swrite
 .text.__sseek  0x0800485a       0x24 D:/STM32CubeIDE_1.19.0/STM32CubeIDE/plugins/com.st.stm32cube.ide.mcu.externaltools.gnu-tools-for-stm32.13.3.rel1.win32_1.0.0.202411081344/tools/bin/../lib/gcc/arm-none-eabi/13.3.1/../../../../arm-none-eabi/lib/thumb/v7e-m+fp/hard\libc_nano.a(libc_a-stdio.o)
                0x0800485a                __sseek
 .text.__sclose
                0x0800487e        0x8 D:/STM32CubeIDE_1.19.0/STM32CubeIDE/plugins/com.st.stm32cube.ide.mcu.externaltools.gnu-tools-for-stm32.13.3.rel1.win32_1.0.0.202411081344/tools/bin/../lib/gcc/arm-none-eabi/13.3.1/../../../../arm-none-eabi/lib/thumb/v7e-m+fp/hard\libc_nano.a(libc_a-stdio.o)
                0x0800487e                __sclose
 .text.__swbuf_r
                0x08004886       0x7c D:/STM32CubeIDE_1.19.0/STM32CubeIDE/plugins/com.st.stm32cube.ide.mcu.externaltools.gnu-tools-for-stm32.13.3.rel1.win32_1.0.0.202411081344/tools/bin/../lib/gcc/arm-none-eabi/13.3.1/../../../../arm-none-eabi/lib/thumb/v7e-m+fp/hard\libc_nano.a(libc_a-wbuf.o)
                0x08004886                __swbuf_r
 *fill*         0x08004902        0x2 
 .text.__swsetup_r
                0x08004904       0xac D:/STM32CubeIDE_1.19.0/STM32CubeIDE/plugins/com.st.stm32cube.ide.mcu.externaltools.gnu-tools-for-stm32.13.3.rel1.win32_1.0.0.202411081344/tools/bin/../lib/gcc/arm-none-eabi/13.3.1/../../../../arm-none-eabi/lib/thumb/v7e-m+fp/hard\libc_nano.a(libc_a-wsetup.o)
                0x08004904                __swsetup_r
 .text.memset   0x080049b0       0x10 D:/STM32CubeIDE_1.19.0/STM32CubeIDE/plugins/com.st.stm32cube.ide.mcu.externaltools.gnu-tools-for-stm32.13.3.rel1.win32_1.0.0.202411081344/tools/bin/../lib/gcc/arm-none-eabi/13.3.1/../../../../arm-none-eabi/lib/thumb/v7e-m+fp/hard\libc_nano.a(libc_a-memset.o)
                0x080049b0                memset
 .text._close_r
                0x080049c0       0x20 D:/STM32CubeIDE_1.19.0/STM32CubeIDE/plugins/com.st.stm32cube.ide.mcu.externaltools.gnu-tools-for-stm32.13.3.rel1.win32_1.0.0.202411081344/tools/bin/../lib/gcc/arm-none-eabi/13.3.1/../../../../arm-none-eabi/lib/thumb/v7e-m+fp/hard\libc_nano.a(libc_a-closer.o)
                0x080049c0                _close_r
 .text._lseek_r
                0x080049e0       0x24 D:/STM32CubeIDE_1.19.0/STM32CubeIDE/plugins/com.st.stm32cube.ide.mcu.externaltools.gnu-tools-for-stm32.13.3.rel1.win32_1.0.0.202411081344/tools/bin/../lib/gcc/arm-none-eabi/13.3.1/../../../../arm-none-eabi/lib/thumb/v7e-m+fp/hard\libc_nano.a(libc_a-lseekr.o)
                0x080049e0                _lseek_r
 .text._read_r  0x08004a04       0x24 D:/STM32CubeIDE_1.19.0/STM32CubeIDE/plugins/com.st.stm32cube.ide.mcu.externaltools.gnu-tools-for-stm32.13.3.rel1.win32_1.0.0.202411081344/tools/bin/../lib/gcc/arm-none-eabi/13.3.1/../../../../arm-none-eabi/lib/thumb/v7e-m+fp/hard\libc_nano.a(libc_a-readr.o)
                0x08004a04                _read_r
 .text._write_r
                0x08004a28       0x24 D:/STM32CubeIDE_1.19.0/STM32CubeIDE/plugins/com.st.stm32cube.ide.mcu.externaltools.gnu-tools-for-stm32.13.3.rel1.win32_1.0.0.202411081344/tools/bin/../lib/gcc/arm-none-eabi/13.3.1/../../../../arm-none-eabi/lib/thumb/v7e-m+fp/hard\libc_nano.a(libc_a-writer.o)
                0x08004a28                _write_r
 .text.__errno  0x08004a4c        0xc D:/STM32CubeIDE_1.19.0/STM32CubeIDE/plugins/com.st.stm32cube.ide.mcu.externaltools.gnu-tools-for-stm32.13.3.rel1.win32_1.0.0.202411081344/tools/bin/../lib/gcc/arm-none-eabi/13.3.1/../../../../arm-none-eabi/lib/thumb/v7e-m+fp/hard\libc_nano.a(libc_a-errno.o)
                0x08004a4c                __errno
 .text.__libc_init_array
                0x08004a58       0x48 D:/STM32CubeIDE_1.19.0/STM32CubeIDE/plugins/com.st.stm32cube.ide.mcu.externaltools.gnu-tools-for-stm32.13.3.rel1.win32_1.0.0.202411081344/tools/bin/../lib/gcc/arm-none-eabi/13.3.1/../../../../arm-none-eabi/lib/thumb/v7e-m+fp/hard\libc_nano.a(libc_a-init.o)
                0x08004a58                __libc_init_array
 .text.__retarget_lock_init_recursive
                0x08004aa0        0x2 D:/STM32CubeIDE_1.19.0/STM32CubeIDE/plugins/com.st.stm32cube.ide.mcu.externaltools.gnu-tools-for-stm32.13.3.rel1.win32_1.0.0.202411081344/tools/bin/../lib/gcc/arm-none-eabi/13.3.1/../../../../arm-none-eabi/lib/thumb/v7e-m+fp/hard\libc_nano.a(libc_a-lock.o)
                0x08004aa0                __retarget_lock_init_recursive
 .text.__retarget_lock_acquire_recursive
                0x08004aa2        0x2 D:/STM32CubeIDE_1.19.0/STM32CubeIDE/plugins/com.st.stm32cube.ide.mcu.externaltools.gnu-tools-for-stm32.13.3.rel1.win32_1.0.0.202411081344/tools/bin/../lib/gcc/arm-none-eabi/13.3.1/../../../../arm-none-eabi/lib/thumb/v7e-m+fp/hard\libc_nano.a(libc_a-lock.o)
                0x08004aa2                __retarget_lock_acquire_recursive
 .text.__retarget_lock_release_recursive
                0x08004aa4        0x2 D:/STM32CubeIDE_1.19.0/STM32CubeIDE/plugins/com.st.stm32cube.ide.mcu.externaltools.gnu-tools-for-stm32.13.3.rel1.win32_1.0.0.202411081344/tools/bin/../lib/gcc/arm-none-eabi/13.3.1/../../../../arm-none-eabi/lib/thumb/v7e-m+fp/hard\libc_nano.a(libc_a-lock.o)
                0x08004aa4                __retarget_lock_release_recursive
 .text.memcpy   0x08004aa6       0x1c D:/STM32CubeIDE_1.19.0/STM32CubeIDE/plugins/com.st.stm32cube.ide.mcu.externaltools.gnu-tools-for-stm32.13.3.rel1.win32_1.0.0.202411081344/tools/bin/../lib/gcc/arm-none-eabi/13.3.1/../../../../arm-none-eabi/lib/thumb/v7e-m+fp/hard\libc_nano.a(libc_a-memcpy-stub.o)
                0x08004aa6                memcpy
 *fill*         0x08004ac2        0x2 
 .text._free_r  0x08004ac4       0x94 D:/STM32CubeIDE_1.19.0/STM32CubeIDE/plugins/com.st.stm32cube.ide.mcu.externaltools.gnu-tools-for-stm32.13.3.rel1.win32_1.0.0.202411081344/tools/bin/../lib/gcc/arm-none-eabi/13.3.1/../../../../arm-none-eabi/lib/thumb/v7e-m+fp/hard\libc_nano.a(libc_a-freer.o)
                0x08004ac4                _free_r
 .text.malloc   0x08004b58       0x10 D:/STM32CubeIDE_1.19.0/STM32CubeIDE/plugins/com.st.stm32cube.ide.mcu.externaltools.gnu-tools-for-stm32.13.3.rel1.win32_1.0.0.202411081344/tools/bin/../lib/gcc/arm-none-eabi/13.3.1/../../../../arm-none-eabi/lib/thumb/v7e-m+fp/hard\libc_nano.a(libc_a-malloc.o)
                0x08004b58                malloc
 .text.sbrk_aligned
                0x08004b68       0x44 D:/STM32CubeIDE_1.19.0/STM32CubeIDE/plugins/com.st.stm32cube.ide.mcu.externaltools.gnu-tools-for-stm32.13.3.rel1.win32_1.0.0.202411081344/tools/bin/../lib/gcc/arm-none-eabi/13.3.1/../../../../arm-none-eabi/lib/thumb/v7e-m+fp/hard\libc_nano.a(libc_a-mallocr.o)
 .text._malloc_r
                0x08004bac      0x100 D:/STM32CubeIDE_1.19.0/STM32CubeIDE/plugins/com.st.stm32cube.ide.mcu.externaltools.gnu-tools-for-stm32.13.3.rel1.win32_1.0.0.202411081344/tools/bin/../lib/gcc/arm-none-eabi/13.3.1/../../../../arm-none-eabi/lib/thumb/v7e-m+fp/hard\libc_nano.a(libc_a-mallocr.o)
                0x08004bac                _malloc_r
 .text.__malloc_lock
                0x08004cac        0xc D:/STM32CubeIDE_1.19.0/STM32CubeIDE/plugins/com.st.stm32cube.ide.mcu.externaltools.gnu-tools-for-stm32.13.3.rel1.win32_1.0.0.202411081344/tools/bin/../lib/gcc/arm-none-eabi/13.3.1/../../../../arm-none-eabi/lib/thumb/v7e-m+fp/hard\libc_nano.a(libc_a-mlock.o)
                0x08004cac                __malloc_lock
 .text.__malloc_unlock
                0x08004cb8        0xc D:/STM32CubeIDE_1.19.0/STM32CubeIDE/plugins/com.st.stm32cube.ide.mcu.externaltools.gnu-tools-for-stm32.13.3.rel1.win32_1.0.0.202411081344/tools/bin/../lib/gcc/arm-none-eabi/13.3.1/../../../../arm-none-eabi/lib/thumb/v7e-m+fp/hard\libc_nano.a(libc_a-mlock.o)
                0x08004cb8                __malloc_unlock
 .text.__sfputc_r
                0x08004cc4       0x2e D:/STM32CubeIDE_1.19.0/STM32CubeIDE/plugins/com.st.stm32cube.ide.mcu.externaltools.gnu-tools-for-stm32.13.3.rel1.win32_1.0.0.202411081344/tools/bin/../lib/gcc/arm-none-eabi/13.3.1/../../../../arm-none-eabi/lib/thumb/v7e-m+fp/hard\libc_nano.a(libc_a-nano-vfprintf.o)
 .text.__sfputs_r
                0x08004cf2       0x24 D:/STM32CubeIDE_1.19.0/STM32CubeIDE/plugins/com.st.stm32cube.ide.mcu.externaltools.gnu-tools-for-stm32.13.3.rel1.win32_1.0.0.202411081344/tools/bin/../lib/gcc/arm-none-eabi/13.3.1/../../../../arm-none-eabi/lib/thumb/v7e-m+fp/hard\libc_nano.a(libc_a-nano-vfprintf.o)
                0x08004cf2                __sfputs_r
 *fill*         0x08004d16        0x2 
 .text._vfprintf_r
                0x08004d18      0x230 D:/STM32CubeIDE_1.19.0/STM32CubeIDE/plugins/com.st.stm32cube.ide.mcu.externaltools.gnu-tools-for-stm32.13.3.rel1.win32_1.0.0.202411081344/tools/bin/../lib/gcc/arm-none-eabi/13.3.1/../../../../arm-none-eabi/lib/thumb/v7e-m+fp/hard\libc_nano.a(libc_a-nano-vfprintf.o)
                0x08004d18                _vfprintf_r
                0x08004d18                _vfiprintf_r
 .text._printf_common
                0x08004f48       0xda D:/STM32CubeIDE_1.19.0/STM32CubeIDE/plugins/com.st.stm32cube.ide.mcu.externaltools.gnu-tools-for-stm32.13.3.rel1.win32_1.0.0.202411081344/tools/bin/../lib/gcc/arm-none-eabi/13.3.1/../../../../arm-none-eabi/lib/thumb/v7e-m+fp/hard\libc_nano.a(libc_a-nano-vfprintf_i.o)
                0x08004f48                _printf_common
 *fill*         0x08005022        0x2 
 .text._printf_i
                0x08005024      0x23c D:/STM32CubeIDE_1.19.0/STM32CubeIDE/plugins/com.st.stm32cube.ide.mcu.externaltools.gnu-tools-for-stm32.13.3.rel1.win32_1.0.0.202411081344/tools/bin/../lib/gcc/arm-none-eabi/13.3.1/../../../../arm-none-eabi/lib/thumb/v7e-m+fp/hard\libc_nano.a(libc_a-nano-vfprintf_i.o)
                0x08005024                _printf_i
 .text.__sflush_r
                0x08005260      0x108 D:/STM32CubeIDE_1.19.0/STM32CubeIDE/plugins/com.st.stm32cube.ide.mcu.externaltools.gnu-tools-for-stm32.13.3.rel1.win32_1.0.0.202411081344/tools/bin/../lib/gcc/arm-none-eabi/13.3.1/../../../../arm-none-eabi/lib/thumb/v7e-m+fp/hard\libc_nano.a(libc_a-fflush.o)
                0x08005260                __sflush_r
 .text._fflush_r
                0x08005368       0x50 D:/STM32CubeIDE_1.19.0/STM32CubeIDE/plugins/com.st.stm32cube.ide.mcu.externaltools.gnu-tools-for-stm32.13.3.rel1.win32_1.0.0.202411081344/tools/bin/../lib/gcc/arm-none-eabi/13.3.1/../../../../arm-none-eabi/lib/thumb/v7e-m+fp/hard\libc_nano.a(libc_a-fflush.o)
                0x08005368                _fflush_r
 .text.__swhatbuf_r
                0x080053b8       0x4c D:/STM32CubeIDE_1.19.0/STM32CubeIDE/plugins/com.st.stm32cube.ide.mcu.externaltools.gnu-tools-for-stm32.13.3.rel1.win32_1.0.0.202411081344/tools/bin/../lib/gcc/arm-none-eabi/13.3.1/../../../../arm-none-eabi/lib/thumb/v7e-m+fp/hard\libc_nano.a(libc_a-makebuf.o)
                0x080053b8                __swhatbuf_r
 .text.__smakebuf_r
                0x08005404       0x78 D:/STM32CubeIDE_1.19.0/STM32CubeIDE/plugins/com.st.stm32cube.ide.mcu.externaltools.gnu-tools-for-stm32.13.3.rel1.win32_1.0.0.202411081344/tools/bin/../lib/gcc/arm-none-eabi/13.3.1/../../../../arm-none-eabi/lib/thumb/v7e-m+fp/hard\libc_nano.a(libc_a-makebuf.o)
                0x08005404                __smakebuf_r
 .text._fstat_r
                0x0800547c       0x24 D:/STM32CubeIDE_1.19.0/STM32CubeIDE/plugins/com.st.stm32cube.ide.mcu.externaltools.gnu-tools-for-stm32.13.3.rel1.win32_1.0.0.202411081344/tools/bin/../lib/gcc/arm-none-eabi/13.3.1/../../../../arm-none-eabi/lib/thumb/v7e-m+fp/hard\libc_nano.a(libc_a-fstatr.o)
                0x0800547c                _fstat_r
 .text._isatty_r
                0x080054a0       0x20 D:/STM32CubeIDE_1.19.0/STM32CubeIDE/plugins/com.st.stm32cube.ide.mcu.externaltools.gnu-tools-for-stm32.13.3.rel1.win32_1.0.0.202411081344/tools/bin/../lib/gcc/arm-none-eabi/13.3.1/../../../../arm-none-eabi/lib/thumb/v7e-m+fp/hard\libc_nano.a(libc_a-isattyr.o)
                0x080054a0                _isatty_r
 .text._sbrk_r  0x080054c0       0x20 D:/STM32CubeIDE_1.19.0/STM32CubeIDE/plugins/com.st.stm32cube.ide.mcu.externaltools.gnu-tools-for-stm32.13.3.rel1.win32_1.0.0.202411081344/tools/bin/../lib/gcc/arm-none-eabi/13.3.1/../../../../arm-none-eabi/lib/thumb/v7e-m+fp/hard\libc_nano.a(libc_a-sbrkr.o)
                0x080054c0                _sbrk_r
 *(.glue_7)
 .glue_7        0x080054e0        0x0 linker stubs
 *(.glue_7t)
 .glue_7t       0x080054e0        0x0 linker stubs
 *(.eh_frame)
 .eh_frame      0x080054e0        0x0 D:/STM32CubeIDE_1.19.0/STM32CubeIDE/plugins/com.st.stm32cube.ide.mcu.externaltools.gnu-tools-for-stm32.13.3.rel1.win32_1.0.0.202411081344/tools/bin/../lib/gcc/arm-none-eabi/13.3.1/thumb/v7e-m+fp/hard/crtbegin.o
 *(.init)
 .init          0x080054e0        0x4 D:/STM32CubeIDE_1.19.0/STM32CubeIDE/plugins/com.st.stm32cube.ide.mcu.externaltools.gnu-tools-for-stm32.13.3.rel1.win32_1.0.0.202411081344/tools/bin/../lib/gcc/arm-none-eabi/13.3.1/thumb/v7e-m+fp/hard/crti.o
                0x080054e0                _init
 .init          0x080054e4        0x8 D:/STM32CubeIDE_1.19.0/STM32CubeIDE/plugins/com.st.stm32cube.ide.mcu.externaltools.gnu-tools-for-stm32.13.3.rel1.win32_1.0.0.202411081344/tools/bin/../lib/gcc/arm-none-eabi/13.3.1/thumb/v7e-m+fp/hard/crtn.o
 *(.fini)
 .fini          0x080054ec        0x4 D:/STM32CubeIDE_1.19.0/STM32CubeIDE/plugins/com.st.stm32cube.ide.mcu.externaltools.gnu-tools-for-stm32.13.3.rel1.win32_1.0.0.202411081344/tools/bin/../lib/gcc/arm-none-eabi/13.3.1/thumb/v7e-m+fp/hard/crti.o
                0x080054ec                _fini
 .fini          0x080054f0        0x8 D:/STM32CubeIDE_1.19.0/STM32CubeIDE/plugins/com.st.stm32cube.ide.mcu.externaltools.gnu-tools-for-stm32.13.3.rel1.win32_1.0.0.202411081344/tools/bin/../lib/gcc/arm-none-eabi/13.3.1/thumb/v7e-m+fp/hard/crtn.o
                0x080054f8                        . = ALIGN (0x4)
                0x080054f8                        _etext = .

.vfp11_veneer   0x080054f8        0x0
 .vfp11_veneer  0x080054f8        0x0 linker stubs

.v4_bx          0x080054f8        0x0
 .v4_bx         0x080054f8        0x0 linker stubs

.iplt           0x080054f8        0x0
 .iplt          0x080054f8        0x0 D:/STM32CubeIDE_1.19.0/STM32CubeIDE/plugins/com.st.stm32cube.ide.mcu.externaltools.gnu-tools-for-stm32.13.3.rel1.win32_1.0.0.202411081344/tools/bin/../lib/gcc/arm-none-eabi/13.3.1/thumb/v7e-m+fp/hard/crtbegin.o

.rodata         0x080054f8      0x188
                0x080054f8                        . = ALIGN (0x4)
 *(.rodata)
 .rodata        0x080054f8       0xbb ./Core/Src/freertos.o
 *fill*         0x080055b3        0x1 
 .rodata        0x080055b4       0x78 ./Core/Src/main.o
 .rodata        0x0800562c        0x5 ./Middlewares/Third_Party/FreeRTOS/Source/tasks.o
 *(.rodata*)
 *fill*         0x08005631        0x3 
 .rodata.AHBPrescTable
                0x08005634       0x10 ./Core/Src/system_stm32f4xx.o
                0x08005634                AHBPrescTable
 .rodata.APBPrescTable
                0x08005644        0x8 ./Core/Src/system_stm32f4xx.o
                0x08005644                APBPrescTable
 .rodata._vfprintf_r.str1.1
                0x0800564c       0x33 D:/STM32CubeIDE_1.19.0/STM32CubeIDE/plugins/com.st.stm32cube.ide.mcu.externaltools.gnu-tools-for-stm32.13.3.rel1.win32_1.0.0.202411081344/tools/bin/../lib/gcc/arm-none-eabi/13.3.1/../../../../arm-none-eabi/lib/thumb/v7e-m+fp/hard\libc_nano.a(libc_a-nano-vfprintf.o)
                                 0x11 (size before relaxing)
 .rodata._printf_i.str1.1
                0x0800567f       0x22 D:/STM32CubeIDE_1.19.0/STM32CubeIDE/plugins/com.st.stm32cube.ide.mcu.externaltools.gnu-tools-for-stm32.13.3.rel1.win32_1.0.0.202411081344/tools/bin/../lib/gcc/arm-none-eabi/13.3.1/../../../../arm-none-eabi/lib/thumb/v7e-m+fp/hard\libc_nano.a(libc_a-nano-vfprintf_i.o)
                0x080056a4                        . = ALIGN (0x4)
 *fill*         0x0800567f        0x1 

.ARM.extab      0x08005680        0x0
                0x08005680                        . = ALIGN (0x4)
 *(.ARM.extab* .gnu.linkonce.armextab.*)
                0x08005680                        . = ALIGN (0x4)

.ARM            0x08005680        0x8
                0x08005680                        . = ALIGN (0x4)
                0x08005680                        __exidx_start = .
 *(.ARM.exidx*)
 .ARM.exidx     0x08005680        0x8 D:/STM32CubeIDE_1.19.0/STM32CubeIDE/plugins/com.st.stm32cube.ide.mcu.externaltools.gnu-tools-for-stm32.13.3.rel1.win32_1.0.0.202411081344/tools/bin/../lib/gcc/arm-none-eabi/13.3.1/../../../../arm-none-eabi/lib/thumb/v7e-m+fp/hard\libc_nano.a(libc_a-memchr.o)
 .ARM.exidx     0x08005688        0x0 D:/STM32CubeIDE_1.19.0/STM32CubeIDE/plugins/com.st.stm32cube.ide.mcu.externaltools.gnu-tools-for-stm32.13.3.rel1.win32_1.0.0.202411081344/tools/bin/../lib/gcc/arm-none-eabi/13.3.1/thumb/v7e-m+fp/hard\libgcc.a(_udivmoddi4.o)
                                  0x8 (size before relaxing)
                0x08005688                        __exidx_end = .
                0x08005688                        . = ALIGN (0x4)

.preinit_array  0x08005688        0x0
                0x08005688                        . = ALIGN (0x4)
                0x08005688                        PROVIDE (__preinit_array_start = .)
 *(.preinit_array*)
                0x08005688                        PROVIDE (__preinit_array_end = .)
                0x08005688                        . = ALIGN (0x4)

.init_array     0x08005688        0x4
                0x08005688                        . = ALIGN (0x4)
                0x08005688                        PROVIDE (__init_array_start = .)
 *(SORT_BY_NAME(.init_array.*))
 *(.init_array*)
 .init_array    0x08005688        0x4 D:/STM32CubeIDE_1.19.0/STM32CubeIDE/plugins/com.st.stm32cube.ide.mcu.externaltools.gnu-tools-for-stm32.13.3.rel1.win32_1.0.0.202411081344/tools/bin/../lib/gcc/arm-none-eabi/13.3.1/thumb/v7e-m+fp/hard/crtbegin.o
                0x0800568c                        PROVIDE (__init_array_end = .)
                0x0800568c                        . = ALIGN (0x4)

.fini_array     0x0800568c        0x4
                0x0800568c                        . = ALIGN (0x4)
                [!provide]                        PROVIDE (__fini_array_start = .)
 *(SORT_BY_NAME(.fini_array.*))
 *(.fini_array*)
 .fini_array    0x0800568c        0x4 D:/STM32CubeIDE_1.19.0/STM32CubeIDE/plugins/com.st.stm32cube.ide.mcu.externaltools.gnu-tools-for-stm32.13.3.rel1.win32_1.0.0.202411081344/tools/bin/../lib/gcc/arm-none-eabi/13.3.1/thumb/v7e-m+fp/hard/crtbegin.o
                [!provide]                        PROVIDE (__fini_array_end = .)
                0x08005690                        . = ALIGN (0x4)
                0x08005690                        _sidata = LOADADDR (.data)

.rel.dyn        0x08005690        0x0
 .rel.iplt      0x08005690        0x0 D:/STM32CubeIDE_1.19.0/STM32CubeIDE/plugins/com.st.stm32cube.ide.mcu.externaltools.gnu-tools-for-stm32.13.3.rel1.win32_1.0.0.202411081344/tools/bin/../lib/gcc/arm-none-eabi/13.3.1/thumb/v7e-m+fp/hard/crtbegin.o

.data           0x20000000       0x6c load address 0x08005690
                0x20000000                        . = ALIGN (0x4)
                0x20000000                        _sdata = .
 *(.data)
 *(.data*)
 .data.SystemCoreClock
                0x20000000        0x4 ./Core/Src/system_stm32f4xx.o
                0x20000000                SystemCoreClock
 .data.uwTickPrio
                0x20000004        0x4 ./Drivers/STM32F4xx_HAL_Driver/Src/stm32f4xx_hal.o
                0x20000004                uwTickPrio
 .data.uwTickFreq
                0x20000008        0x1 ./Drivers/STM32F4xx_HAL_Driver/Src/stm32f4xx_hal.o
                0x20000008                uwTickFreq
 *fill*         0x20000009        0x3 
 .data.uxCriticalNesting
                0x2000000c        0x4 ./Middlewares/Third_Party/FreeRTOS/Source/portable/GCC/ARM_CM4F/port.o
 .data.__sglue  0x20000010        0xc D:/STM32CubeIDE_1.19.0/STM32CubeIDE/plugins/com.st.stm32cube.ide.mcu.externaltools.gnu-tools-for-stm32.13.3.rel1.win32_1.0.0.202411081344/tools/bin/../lib/gcc/arm-none-eabi/13.3.1/../../../../arm-none-eabi/lib/thumb/v7e-m+fp/hard\libc_nano.a(libc_a-findfp.o)
                0x20000010                __sglue
 .data._impure_ptr
                0x2000001c        0x4 D:/STM32CubeIDE_1.19.0/STM32CubeIDE/plugins/com.st.stm32cube.ide.mcu.externaltools.gnu-tools-for-stm32.13.3.rel1.win32_1.0.0.202411081344/tools/bin/../lib/gcc/arm-none-eabi/13.3.1/../../../../arm-none-eabi/lib/thumb/v7e-m+fp/hard\libc_nano.a(libc_a-impure.o)
                0x2000001c                _impure_ptr
 .data._impure_data
                0x20000020       0x4c D:/STM32CubeIDE_1.19.0/STM32CubeIDE/plugins/com.st.stm32cube.ide.mcu.externaltools.gnu-tools-for-stm32.13.3.rel1.win32_1.0.0.202411081344/tools/bin/../lib/gcc/arm-none-eabi/13.3.1/../../../../arm-none-eabi/lib/thumb/v7e-m+fp/hard\libc_nano.a(libc_a-impure.o)
                0x20000020                _impure_data
 *(.RamFunc)
 *(.RamFunc*)
                0x2000006c                        . = ALIGN (0x4)
                0x2000006c                        _edata = .

.igot.plt       0x2000006c        0x0 load address 0x080056fc
 .igot.plt      0x2000006c        0x0 D:/STM32CubeIDE_1.19.0/STM32CubeIDE/plugins/com.st.stm32cube.ide.mcu.externaltools.gnu-tools-for-stm32.13.3.rel1.win32_1.0.0.202411081344/tools/bin/../lib/gcc/arm-none-eabi/13.3.1/thumb/v7e-m+fp/hard/crtbegin.o
                0x2000006c                        . = ALIGN (0x4)

.bss            0x2000006c     0x3f1c load address 0x080056fc
                0x2000006c                        _sbss = .
                0x2000006c                        __bss_start__ = _sbss
 *(.bss)
 .bss           0x2000006c       0x1c D:/STM32CubeIDE_1.19.0/STM32CubeIDE/plugins/com.st.stm32cube.ide.mcu.externaltools.gnu-tools-for-stm32.13.3.rel1.win32_1.0.0.202411081344/tools/bin/../lib/gcc/arm-none-eabi/13.3.1/thumb/v7e-m+fp/hard/crtbegin.o
 *(.bss*)
 .bss.huart2    0x20000088       0x48 ./Core/Src/main.o
                0x20000088                huart2
 .bss.defaultTaskHandle
                0x200000d0        0x4 ./Core/Src/main.o
                0x200000d0                defaultTaskHandle
 .bss.ProducerTaskHandle
                0x200000d4        0x4 ./Core/Src/main.o
                0x200000d4                ProducerTaskHandle
 .bss.ConsumerTaskHandle
                0x200000d8        0x4 ./Core/Src/main.o
                0x200000d8                ConsumerTaskHandle
 .bss.myCountingSemHandle
                0x200000dc        0x4 ./Core/Src/main.o
                0x200000dc                myCountingSemHandle
 .bss.__sbrk_heap_end
                0x200000e0        0x4 ./Core/Src/sysmem.o
 .bss.uwTick    0x200000e4        0x4 ./Drivers/STM32F4xx_HAL_Driver/Src/stm32f4xx_hal.o
                0x200000e4                uwTick
 .bss.pxCurrentTCB
                0x200000e8        0x4 ./Middlewares/Third_Party/FreeRTOS/Source/tasks.o
                0x200000e8                pxCurrentTCB
 .bss.pxReadyTasksLists
                0x200000ec       0x8c ./Middlewares/Third_Party/FreeRTOS/Source/tasks.o
 .bss.xDelayedTaskList1
                0x20000178       0x14 ./Middlewares/Third_Party/FreeRTOS/Source/tasks.o
 .bss.xDelayedTaskList2
                0x2000018c       0x14 ./Middlewares/Third_Party/FreeRTOS/Source/tasks.o
 .bss.pxDelayedTaskList
                0x200001a0        0x4 ./Middlewares/Third_Party/FreeRTOS/Source/tasks.o
 .bss.pxOverflowDelayedTaskList
                0x200001a4        0x4 ./Middlewares/Third_Party/FreeRTOS/Source/tasks.o
 .bss.xPendingReadyList
                0x200001a8       0x14 ./Middlewares/Third_Party/FreeRTOS/Source/tasks.o
 .bss.xTasksWaitingTermination
                0x200001bc       0x14 ./Middlewares/Third_Party/FreeRTOS/Source/tasks.o
 .bss.uxDeletedTasksWaitingCleanUp
                0x200001d0        0x4 ./Middlewares/Third_Party/FreeRTOS/Source/tasks.o
 .bss.xSuspendedTaskList
                0x200001d4       0x14 ./Middlewares/Third_Party/FreeRTOS/Source/tasks.o
 .bss.uxCurrentNumberOfTasks
                0x200001e8        0x4 ./Middlewares/Third_Party/FreeRTOS/Source/tasks.o
 .bss.xTickCount
                0x200001ec        0x4 ./Middlewares/Third_Party/FreeRTOS/Source/tasks.o
 .bss.uxTopReadyPriority
                0x200001f0        0x4 ./Middlewares/Third_Party/FreeRTOS/Source/tasks.o
 .bss.xSchedulerRunning
                0x200001f4        0x4 ./Middlewares/Third_Party/FreeRTOS/Source/tasks.o
 .bss.xPendedTicks
                0x200001f8        0x4 ./Middlewares/Third_Party/FreeRTOS/Source/tasks.o
 .bss.xYieldPending
                0x200001fc        0x4 ./Middlewares/Third_Party/FreeRTOS/Source/tasks.o
 .bss.xNumOfOverflows
                0x20000200        0x4 ./Middlewares/Third_Party/FreeRTOS/Source/tasks.o
 .bss.uxTaskNumber
                0x20000204        0x4 ./Middlewares/Third_Party/FreeRTOS/Source/tasks.o
 .bss.xNextTaskUnblockTime
                0x20000208        0x4 ./Middlewares/Third_Party/FreeRTOS/Source/tasks.o
 .bss.xIdleTaskHandle
                0x2000020c        0x4 ./Middlewares/Third_Party/FreeRTOS/Source/tasks.o
 .bss.uxSchedulerSuspended
                0x20000210        0x4 ./Middlewares/Third_Party/FreeRTOS/Source/tasks.o
 .bss.ucMaxSysCallPriority
                0x20000214        0x1 ./Middlewares/Third_Party/FreeRTOS/Source/portable/GCC/ARM_CM4F/port.o
 *fill*         0x20000215        0x3 
 .bss.ulMaxPRIGROUPValue
                0x20000218        0x4 ./Middlewares/Third_Party/FreeRTOS/Source/portable/GCC/ARM_CM4F/port.o
 .bss.ucHeap    0x2000021c     0x3c00 ./Middlewares/Third_Party/FreeRTOS/Source/portable/MemMang/heap_4.o
 .bss.xStart    0x20003e1c        0x8 ./Middlewares/Third_Party/FreeRTOS/Source/portable/MemMang/heap_4.o
 .bss.pxEnd     0x20003e24        0x4 ./Middlewares/Third_Party/FreeRTOS/Source/portable/MemMang/heap_4.o
 .bss.xFreeBytesRemaining
                0x20003e28        0x4 ./Middlewares/Third_Party/FreeRTOS/Source/portable/MemMang/heap_4.o
 .bss.xMinimumEverFreeBytesRemaining
                0x20003e2c        0x4 ./Middlewares/Third_Party/FreeRTOS/Source/portable/MemMang/heap_4.o
 .bss.xNumberOfSuccessfulAllocations
                0x20003e30        0x4 ./Middlewares/Third_Party/FreeRTOS/Source/portable/MemMang/heap_4.o
 .bss.xNumberOfSuccessfulFrees
                0x20003e34        0x4 ./Middlewares/Third_Party/FreeRTOS/Source/portable/MemMang/heap_4.o
 .bss.xBlockAllocatedBit
                0x20003e38        0x4 ./Middlewares/Third_Party/FreeRTOS/Source/portable/MemMang/heap_4.o
 .bss.__sf      0x20003e3c      0x138 D:/STM32CubeIDE_1.19.0/STM32CubeIDE/plugins/com.st.stm32cube.ide.mcu.externaltools.gnu-tools-for-stm32.13.3.rel1.win32_1.0.0.202411081344/tools/bin/../lib/gcc/arm-none-eabi/13.3.1/../../../../arm-none-eabi/lib/thumb/v7e-m+fp/hard\libc_nano.a(libc_a-findfp.o)
                0x20003e3c                __sf
 .bss.__stdio_exit_handler
                0x20003f74        0x4 D:/STM32CubeIDE_1.19.0/STM32CubeIDE/plugins/com.st.stm32cube.ide.mcu.externaltools.gnu-tools-for-stm32.13.3.rel1.win32_1.0.0.202411081344/tools/bin/../lib/gcc/arm-none-eabi/13.3.1/../../../../arm-none-eabi/lib/thumb/v7e-m+fp/hard\libc_nano.a(libc_a-findfp.o)
                0x20003f74                __stdio_exit_handler
 .bss.errno     0x20003f78        0x4 D:/STM32CubeIDE_1.19.0/STM32CubeIDE/plugins/com.st.stm32cube.ide.mcu.externaltools.gnu-tools-for-stm32.13.3.rel1.win32_1.0.0.202411081344/tools/bin/../lib/gcc/arm-none-eabi/13.3.1/../../../../arm-none-eabi/lib/thumb/v7e-m+fp/hard\libc_nano.a(libc_a-reent.o)
                0x20003f78                errno
 .bss.__lock___malloc_recursive_mutex
                0x20003f7c        0x1 D:/STM32CubeIDE_1.19.0/STM32CubeIDE/plugins/com.st.stm32cube.ide.mcu.externaltools.gnu-tools-for-stm32.13.3.rel1.win32_1.0.0.202411081344/tools/bin/../lib/gcc/arm-none-eabi/13.3.1/../../../../arm-none-eabi/lib/thumb/v7e-m+fp/hard\libc_nano.a(libc_a-lock.o)
                0x20003f7c                __lock___malloc_recursive_mutex
 .bss.__lock___sfp_recursive_mutex
                0x20003f7d        0x1 D:/STM32CubeIDE_1.19.0/STM32CubeIDE/plugins/com.st.stm32cube.ide.mcu.externaltools.gnu-tools-for-stm32.13.3.rel1.win32_1.0.0.202411081344/tools/bin/../lib/gcc/arm-none-eabi/13.3.1/../../../../arm-none-eabi/lib/thumb/v7e-m+fp/hard\libc_nano.a(libc_a-lock.o)
                0x20003f7d                __lock___sfp_recursive_mutex
 *fill*         0x20003f7e        0x2 
 .bss.__malloc_sbrk_start
                0x20003f80        0x4 D:/STM32CubeIDE_1.19.0/STM32CubeIDE/plugins/com.st.stm32cube.ide.mcu.externaltools.gnu-tools-for-stm32.13.3.rel1.win32_1.0.0.202411081344/tools/bin/../lib/gcc/arm-none-eabi/13.3.1/../../../../arm-none-eabi/lib/thumb/v7e-m+fp/hard\libc_nano.a(libc_a-mallocr.o)
                0x20003f80                __malloc_sbrk_start
 .bss.__malloc_free_list
                0x20003f84        0x4 D:/STM32CubeIDE_1.19.0/STM32CubeIDE/plugins/com.st.stm32cube.ide.mcu.externaltools.gnu-tools-for-stm32.13.3.rel1.win32_1.0.0.202411081344/tools/bin/../lib/gcc/arm-none-eabi/13.3.1/../../../../arm-none-eabi/lib/thumb/v7e-m+fp/hard\libc_nano.a(libc_a-mallocr.o)
                0x20003f84                __malloc_free_list
 *(COMMON)
                0x20003f88                        . = ALIGN (0x4)
                0x20003f88                        _ebss = .
                0x20003f88                        __bss_end__ = _ebss

._user_heap_stack
                0x20003f88      0x600 load address 0x080056fc
                0x20003f88                        . = ALIGN (0x8)
                [!provide]                        PROVIDE (end = .)
                0x20003f88                        PROVIDE (_end = .)
                0x20004188                        . = (. + _Min_Heap_Size)
 *fill*         0x20003f88      0x200 
                0x20004588                        . = (. + _Min_Stack_Size)
 *fill*         0x20004188      0x400 
                0x20004588                        . = ALIGN (0x8)

/DISCARD/
 libc.a(*)
 libm.a(*)
 libgcc.a(*)

.ARM.attributes
                0x00000000       0x30
 *(.ARM.attributes)
 .ARM.attributes
                0x00000000       0x22 D:/STM32CubeIDE_1.19.0/STM32CubeIDE/plugins/com.st.stm32cube.ide.mcu.externaltools.gnu-tools-for-stm32.13.3.rel1.win32_1.0.0.202411081344/tools/bin/../lib/gcc/arm-none-eabi/13.3.1/thumb/v7e-m+fp/hard/crti.o
 .ARM.attributes
                0x00000022       0x34 D:/STM32CubeIDE_1.19.0/STM32CubeIDE/plugins/com.st.stm32cube.ide.mcu.externaltools.gnu-tools-for-stm32.13.3.rel1.win32_1.0.0.202411081344/tools/bin/../lib/gcc/arm-none-eabi/13.3.1/thumb/v7e-m+fp/hard/crtbegin.o
 .ARM.attributes
                0x00000056       0x34 ./Core/Src/freertos.o
 .ARM.attributes
                0x0000008a       0x34 ./Core/Src/main.o
 .ARM.attributes
                0x000000be       0x34 ./Core/Src/stm32f4xx_hal_msp.o
 .ARM.attributes
                0x000000f2       0x34 ./Core/Src/stm32f4xx_it.o
 .ARM.attributes
                0x00000126       0x34 ./Core/Src/syscalls.o
 .ARM.attributes
                0x0000015a       0x34 ./Core/Src/sysmem.o
 .ARM.attributes
                0x0000018e       0x34 ./Core/Src/system_stm32f4xx.o
 .ARM.attributes
                0x000001c2       0x21 ./Core/Startup/startup_stm32f411retx.o
 .ARM.attributes
                0x000001e3       0x34 ./Drivers/STM32F4xx_HAL_Driver/Src/stm32f4xx_hal.o
 .ARM.attributes
                0x00000217       0x34 ./Drivers/STM32F4xx_HAL_Driver/Src/stm32f4xx_hal_cortex.o
 .ARM.attributes
                0x0000024b       0x34 ./Drivers/STM32F4xx_HAL_Driver/Src/stm32f4xx_hal_gpio.o
 .ARM.attributes
                0x0000027f       0x34 ./Drivers/STM32F4xx_HAL_Driver/Src/stm32f4xx_hal_rcc.o
 .ARM.attributes
                0x000002b3       0x34 ./Drivers/STM32F4xx_HAL_Driver/Src/stm32f4xx_hal_uart.o
 .ARM.attributes
                0x000002e7       0x34 ./Middlewares/Third_Party/FreeRTOS/Source/CMSIS_RTOS/cmsis_os.o
 .ARM.attributes
                0x0000031b       0x34 ./Middlewares/Third_Party/FreeRTOS/Source/list.o
 .ARM.attributes
                0x0000034f       0x34 ./Middlewares/Third_Party/FreeRTOS/Source/queue.o
 .ARM.attributes
                0x00000383       0x34 ./Middlewares/Third_Party/FreeRTOS/Source/tasks.o
 .ARM.attributes
                0x000003b7       0x34 ./Middlewares/Third_Party/FreeRTOS/Source/portable/GCC/ARM_CM4F/port.o
 .ARM.attributes
                0x000003eb       0x34 ./Middlewares/Third_Party/FreeRTOS/Source/portable/MemMang/heap_4.o
 .ARM.attributes
                0x0000041f       0x34 D:/STM32CubeIDE_1.19.0/STM32CubeIDE/plugins/com.st.stm32cube.ide.mcu.externaltools.gnu-tools-for-stm32.13.3.rel1.win32_1.0.0.202411081344/tools/bin/../lib/gcc/arm-none-eabi/13.3.1/../../../../arm-none-eabi/lib/thumb/v7e-m+fp/hard\libc_nano.a(libc_a-findfp.o)
 .ARM.attributes
                0x00000453       0x34 D:/STM32CubeIDE_1.19.0/STM32CubeIDE/plugins/com.st.stm32cube.ide.mcu.externaltools.gnu-tools-for-stm32.13.3.rel1.win32_1.0.0.202411081344/tools/bin/../lib/gcc/arm-none-eabi/13.3.1/../../../../arm-none-eabi/lib/thumb/v7e-m+fp/hard\libc_nano.a(libc_a-fwalk.o)
 .ARM.attributes
                0x00000487       0x34 D:/STM32CubeIDE_1.19.0/STM32CubeIDE/plugins/com.st.stm32cube.ide.mcu.externaltools.gnu-tools-for-stm32.13.3.rel1.win32_1.0.0.202411081344/tools/bin/../lib/gcc/arm-none-eabi/13.3.1/../../../../arm-none-eabi/lib/thumb/v7e-m+fp/hard\libc_nano.a(libc_a-printf.o)
 .ARM.attributes
                0x000004bb       0x34 D:/STM32CubeIDE_1.19.0/STM32CubeIDE/plugins/com.st.stm32cube.ide.mcu.externaltools.gnu-tools-for-stm32.13.3.rel1.win32_1.0.0.202411081344/tools/bin/../lib/gcc/arm-none-eabi/13.3.1/../../../../arm-none-eabi/lib/thumb/v7e-m+fp/hard\libc_nano.a(libc_a-puts.o)
 .ARM.attributes
                0x000004ef       0x34 D:/STM32CubeIDE_1.19.0/STM32CubeIDE/plugins/com.st.stm32cube.ide.mcu.externaltools.gnu-tools-for-stm32.13.3.rel1.win32_1.0.0.202411081344/tools/bin/../lib/gcc/arm-none-eabi/13.3.1/../../../../arm-none-eabi/lib/thumb/v7e-m+fp/hard\libc_nano.a(libc_a-setvbuf.o)
 .ARM.attributes
                0x00000523       0x34 D:/STM32CubeIDE_1.19.0/STM32CubeIDE/plugins/com.st.stm32cube.ide.mcu.externaltools.gnu-tools-for-stm32.13.3.rel1.win32_1.0.0.202411081344/tools/bin/../lib/gcc/arm-none-eabi/13.3.1/../../../../arm-none-eabi/lib/thumb/v7e-m+fp/hard\libc_nano.a(libc_a-stdio.o)
 .ARM.attributes
                0x00000557       0x34 D:/STM32CubeIDE_1.19.0/STM32CubeIDE/plugins/com.st.stm32cube.ide.mcu.externaltools.gnu-tools-for-stm32.13.3.rel1.win32_1.0.0.202411081344/tools/bin/../lib/gcc/arm-none-eabi/13.3.1/../../../../arm-none-eabi/lib/thumb/v7e-m+fp/hard\libc_nano.a(libc_a-wbuf.o)
 .ARM.attributes
                0x0000058b       0x34 D:/STM32CubeIDE_1.19.0/STM32CubeIDE/plugins/com.st.stm32cube.ide.mcu.externaltools.gnu-tools-for-stm32.13.3.rel1.win32_1.0.0.202411081344/tools/bin/../lib/gcc/arm-none-eabi/13.3.1/../../../../arm-none-eabi/lib/thumb/v7e-m+fp/hard\libc_nano.a(libc_a-wsetup.o)
 .ARM.attributes
                0x000005bf       0x34 D:/STM32CubeIDE_1.19.0/STM32CubeIDE/plugins/com.st.stm32cube.ide.mcu.externaltools.gnu-tools-for-stm32.13.3.rel1.win32_1.0.0.202411081344/tools/bin/../lib/gcc/arm-none-eabi/13.3.1/../../../../arm-none-eabi/lib/thumb/v7e-m+fp/hard\libc_nano.a(libc_a-memset.o)
 .ARM.attributes
                0x000005f3       0x34 D:/STM32CubeIDE_1.19.0/STM32CubeIDE/plugins/com.st.stm32cube.ide.mcu.externaltools.gnu-tools-for-stm32.13.3.rel1.win32_1.0.0.202411081344/tools/bin/../lib/gcc/arm-none-eabi/13.3.1/../../../../arm-none-eabi/lib/thumb/v7e-m+fp/hard\libc_nano.a(libc_a-closer.o)
 .ARM.attributes
                0x00000627       0x34 D:/STM32CubeIDE_1.19.0/STM32CubeIDE/plugins/com.st.stm32cube.ide.mcu.externaltools.gnu-tools-for-stm32.13.3.rel1.win32_1.0.0.202411081344/tools/bin/../lib/gcc/arm-none-eabi/13.3.1/../../../../arm-none-eabi/lib/thumb/v7e-m+fp/hard\libc_nano.a(libc_a-reent.o)
 .ARM.attributes
                0x0000065b       0x34 D:/STM32CubeIDE_1.19.0/STM32CubeIDE/plugins/com.st.stm32cube.ide.mcu.externaltools.gnu-tools-for-stm32.13.3.rel1.win32_1.0.0.202411081344/tools/bin/../lib/gcc/arm-none-eabi/13.3.1/../../../../arm-none-eabi/lib/thumb/v7e-m+fp/hard\libc_nano.a(libc_a-impure.o)
 .ARM.attributes
                0x0000068f       0x34 D:/STM32CubeIDE_1.19.0/STM32CubeIDE/plugins/com.st.stm32cube.ide.mcu.externaltools.gnu-tools-for-stm32.13.3.rel1.win32_1.0.0.202411081344/tools/bin/../lib/gcc/arm-none-eabi/13.3.1/../../../../arm-none-eabi/lib/thumb/v7e-m+fp/hard\libc_nano.a(libc_a-lseekr.o)
 .ARM.attributes
                0x000006c3       0x34 D:/STM32CubeIDE_1.19.0/STM32CubeIDE/plugins/com.st.stm32cube.ide.mcu.externaltools.gnu-tools-for-stm32.13.3.rel1.win32_1.0.0.202411081344/tools/bin/../lib/gcc/arm-none-eabi/13.3.1/../../../../arm-none-eabi/lib/thumb/v7e-m+fp/hard\libc_nano.a(libc_a-readr.o)
 .ARM.attributes
                0x000006f7       0x34 D:/STM32CubeIDE_1.19.0/STM32CubeIDE/plugins/com.st.stm32cube.ide.mcu.externaltools.gnu-tools-for-stm32.13.3.rel1.win32_1.0.0.202411081344/tools/bin/../lib/gcc/arm-none-eabi/13.3.1/../../../../arm-none-eabi/lib/thumb/v7e-m+fp/hard\libc_nano.a(libc_a-writer.o)
 .ARM.attributes
                0x0000072b       0x34 D:/STM32CubeIDE_1.19.0/STM32CubeIDE/plugins/com.st.stm32cube.ide.mcu.externaltools.gnu-tools-for-stm32.13.3.rel1.win32_1.0.0.202411081344/tools/bin/../lib/gcc/arm-none-eabi/13.3.1/../../../../arm-none-eabi/lib/thumb/v7e-m+fp/hard\libc_nano.a(libc_a-errno.o)
 .ARM.attributes
                0x0000075f       0x34 D:/STM32CubeIDE_1.19.0/STM32CubeIDE/plugins/com.st.stm32cube.ide.mcu.externaltools.gnu-tools-for-stm32.13.3.rel1.win32_1.0.0.202411081344/tools/bin/../lib/gcc/arm-none-eabi/13.3.1/../../../../arm-none-eabi/lib/thumb/v7e-m+fp/hard\libc_nano.a(libc_a-init.o)
 .ARM.attributes
                0x00000793       0x34 D:/STM32CubeIDE_1.19.0/STM32CubeIDE/plugins/com.st.stm32cube.ide.mcu.externaltools.gnu-tools-for-stm32.13.3.rel1.win32_1.0.0.202411081344/tools/bin/../lib/gcc/arm-none-eabi/13.3.1/../../../../arm-none-eabi/lib/thumb/v7e-m+fp/hard\libc_nano.a(libc_a-lock.o)
 .ARM.attributes
                0x000007c7       0x34 D:/STM32CubeIDE_1.19.0/STM32CubeIDE/plugins/com.st.stm32cube.ide.mcu.externaltools.gnu-tools-for-stm32.13.3.rel1.win32_1.0.0.202411081344/tools/bin/../lib/gcc/arm-none-eabi/13.3.1/../../../../arm-none-eabi/lib/thumb/v7e-m+fp/hard\libc_nano.a(libc_a-memcpy-stub.o)
 .ARM.attributes
                0x000007fb       0x34 D:/STM32CubeIDE_1.19.0/STM32CubeIDE/plugins/com.st.stm32cube.ide.mcu.externaltools.gnu-tools-for-stm32.13.3.rel1.win32_1.0.0.202411081344/tools/bin/../lib/gcc/arm-none-eabi/13.3.1/../../../../arm-none-eabi/lib/thumb/v7e-m+fp/hard\libc_nano.a(libc_a-freer.o)
 .ARM.attributes
                0x0000082f       0x34 D:/STM32CubeIDE_1.19.0/STM32CubeIDE/plugins/com.st.stm32cube.ide.mcu.externaltools.gnu-tools-for-stm32.13.3.rel1.win32_1.0.0.202411081344/tools/bin/../lib/gcc/arm-none-eabi/13.3.1/../../../../arm-none-eabi/lib/thumb/v7e-m+fp/hard\libc_nano.a(libc_a-malloc.o)
 .ARM.attributes
                0x00000863       0x34 D:/STM32CubeIDE_1.19.0/STM32CubeIDE/plugins/com.st.stm32cube.ide.mcu.externaltools.gnu-tools-for-stm32.13.3.rel1.win32_1.0.0.202411081344/tools/bin/../lib/gcc/arm-none-eabi/13.3.1/../../../../arm-none-eabi/lib/thumb/v7e-m+fp/hard\libc_nano.a(libc_a-mallocr.o)
 .ARM.attributes
                0x00000897       0x34 D:/STM32CubeIDE_1.19.0/STM32CubeIDE/plugins/com.st.stm32cube.ide.mcu.externaltools.gnu-tools-for-stm32.13.3.rel1.win32_1.0.0.202411081344/tools/bin/../lib/gcc/arm-none-eabi/13.3.1/../../../../arm-none-eabi/lib/thumb/v7e-m+fp/hard\libc_nano.a(libc_a-mlock.o)
 .ARM.attributes
                0x000008cb       0x34 D:/STM32CubeIDE_1.19.0/STM32CubeIDE/plugins/com.st.stm32cube.ide.mcu.externaltools.gnu-tools-for-stm32.13.3.rel1.win32_1.0.0.202411081344/tools/bin/../lib/gcc/arm-none-eabi/13.3.1/../../../../arm-none-eabi/lib/thumb/v7e-m+fp/hard\libc_nano.a(libc_a-nano-vfprintf.o)
 .ARM.attributes
                0x000008ff       0x34 D:/STM32CubeIDE_1.19.0/STM32CubeIDE/plugins/com.st.stm32cube.ide.mcu.externaltools.gnu-tools-for-stm32.13.3.rel1.win32_1.0.0.202411081344/tools/bin/../lib/gcc/arm-none-eabi/13.3.1/../../../../arm-none-eabi/lib/thumb/v7e-m+fp/hard\libc_nano.a(libc_a-nano-vfprintf_i.o)
 .ARM.attributes
                0x00000933       0x34 D:/STM32CubeIDE_1.19.0/STM32CubeIDE/plugins/com.st.stm32cube.ide.mcu.externaltools.gnu-tools-for-stm32.13.3.rel1.win32_1.0.0.202411081344/tools/bin/../lib/gcc/arm-none-eabi/13.3.1/../../../../arm-none-eabi/lib/thumb/v7e-m+fp/hard\libc_nano.a(libc_a-fflush.o)
 .ARM.attributes
                0x00000967       0x34 D:/STM32CubeIDE_1.19.0/STM32CubeIDE/plugins/com.st.stm32cube.ide.mcu.externaltools.gnu-tools-for-stm32.13.3.rel1.win32_1.0.0.202411081344/tools/bin/../lib/gcc/arm-none-eabi/13.3.1/../../../../arm-none-eabi/lib/thumb/v7e-m+fp/hard\libc_nano.a(libc_a-makebuf.o)
 .ARM.attributes
                0x0000099b       0x34 D:/STM32CubeIDE_1.19.0/STM32CubeIDE/plugins/com.st.stm32cube.ide.mcu.externaltools.gnu-tools-for-stm32.13.3.rel1.win32_1.0.0.202411081344/tools/bin/../lib/gcc/arm-none-eabi/13.3.1/../../../../arm-none-eabi/lib/thumb/v7e-m+fp/hard\libc_nano.a(libc_a-fstatr.o)
 .ARM.attributes
                0x000009cf       0x34 D:/STM32CubeIDE_1.19.0/STM32CubeIDE/plugins/com.st.stm32cube.ide.mcu.externaltools.gnu-tools-for-stm32.13.3.rel1.win32_1.0.0.202411081344/tools/bin/../lib/gcc/arm-none-eabi/13.3.1/../../../../arm-none-eabi/lib/thumb/v7e-m+fp/hard\libc_nano.a(libc_a-isattyr.o)
 .ARM.attributes
                0x00000a03       0x34 D:/STM32CubeIDE_1.19.0/STM32CubeIDE/plugins/com.st.stm32cube.ide.mcu.externaltools.gnu-tools-for-stm32.13.3.rel1.win32_1.0.0.202411081344/tools/bin/../lib/gcc/arm-none-eabi/13.3.1/../../../../arm-none-eabi/lib/thumb/v7e-m+fp/hard\libc_nano.a(libc_a-sbrkr.o)
 .ARM.attributes
                0x00000a37       0x1c D:/STM32CubeIDE_1.19.0/STM32CubeIDE/plugins/com.st.stm32cube.ide.mcu.externaltools.gnu-tools-for-stm32.13.3.rel1.win32_1.0.0.202411081344/tools/bin/../lib/gcc/arm-none-eabi/13.3.1/../../../../arm-none-eabi/lib/thumb/v7e-m+fp/hard\libc_nano.a(libc_a-memchr.o)
 .ARM.attributes
                0x00000a53       0x22 D:/STM32CubeIDE_1.19.0/STM32CubeIDE/plugins/com.st.stm32cube.ide.mcu.externaltools.gnu-tools-for-stm32.13.3.rel1.win32_1.0.0.202411081344/tools/bin/../lib/gcc/arm-none-eabi/13.3.1/thumb/v7e-m+fp/hard\libgcc.a(_aeabi_uldivmod.o)
 .ARM.attributes
                0x00000a75       0x34 D:/STM32CubeIDE_1.19.0/STM32CubeIDE/plugins/com.st.stm32cube.ide.mcu.externaltools.gnu-tools-for-stm32.13.3.rel1.win32_1.0.0.202411081344/tools/bin/../lib/gcc/arm-none-eabi/13.3.1/thumb/v7e-m+fp/hard\libgcc.a(_udivmoddi4.o)
 .ARM.attributes
                0x00000aa9       0x22 D:/STM32CubeIDE_1.19.0/STM32CubeIDE/plugins/com.st.stm32cube.ide.mcu.externaltools.gnu-tools-for-stm32.13.3.rel1.win32_1.0.0.202411081344/tools/bin/../lib/gcc/arm-none-eabi/13.3.1/thumb/v7e-m+fp/hard\libgcc.a(_dvmd_tls.o)
 .ARM.attributes
                0x00000acb       0x22 D:/STM32CubeIDE_1.19.0/STM32CubeIDE/plugins/com.st.stm32cube.ide.mcu.externaltools.gnu-tools-for-stm32.13.3.rel1.win32_1.0.0.202411081344/tools/bin/../lib/gcc/arm-none-eabi/13.3.1/thumb/v7e-m+fp/hard/crtn.o
OUTPUT(Counting_Semaphore_FreeRTOS.elf elf32-littlearm)
LOAD linker stubs
LOAD D:/STM32CubeIDE_1.19.0/STM32CubeIDE/plugins/com.st.stm32cube.ide.mcu.externaltools.gnu-tools-for-stm32.13.3.rel1.win32_1.0.0.202411081344/tools/bin/../lib/gcc/arm-none-eabi/13.3.1/../../../../arm-none-eabi/lib/thumb/v7e-m+fp/hard\libc.a
LOAD D:/STM32CubeIDE_1.19.0/STM32CubeIDE/plugins/com.st.stm32cube.ide.mcu.externaltools.gnu-tools-for-stm32.13.3.rel1.win32_1.0.0.202411081344/tools/bin/../lib/gcc/arm-none-eabi/13.3.1/../../../../arm-none-eabi/lib/thumb/v7e-m+fp/hard\libm.a
LOAD D:/STM32CubeIDE_1.19.0/STM32CubeIDE/plugins/com.st.stm32cube.ide.mcu.externaltools.gnu-tools-for-stm32.13.3.rel1.win32_1.0.0.202411081344/tools/bin/../lib/gcc/arm-none-eabi/13.3.1/thumb/v7e-m+fp/hard\libgcc.a

.debug_info     0x00000000     0xdb00
 .debug_info    0x00000000      0x429 ./Core/Src/freertos.o
 .debug_info    0x00000429     0x15ac ./Core/Src/main.o
 .debug_info    0x000019d5      0xad9 ./Core/Src/stm32f4xx_hal_msp.o
 .debug_info    0x000024ae      0x11a ./Core/Src/stm32f4xx_it.o
 .debug_info    0x000025c8      0x6a3 ./Core/Src/syscalls.o
 .debug_info    0x00002c6b      0x168 ./Core/Src/sysmem.o
 .debug_info    0x00002dd3      0x53e ./Core/Src/system_stm32f4xx.o
 .debug_info    0x00003311       0x30 ./Core/Startup/startup_stm32f411retx.o
 .debug_info    0x00003341      0x8c4 ./Drivers/STM32F4xx_HAL_Driver/Src/stm32f4xx_hal.o
 .debug_info    0x00003c05      0xcfc ./Drivers/STM32F4xx_HAL_Driver/Src/stm32f4xx_hal_cortex.o
 .debug_info    0x00004901      0x6f9 ./Drivers/STM32F4xx_HAL_Driver/Src/stm32f4xx_hal_gpio.o
 .debug_info    0x00004ffa      0x904 ./Drivers/STM32F4xx_HAL_Driver/Src/stm32f4xx_hal_rcc.o
 .debug_info    0x000058fe     0x2f56 ./Drivers/STM32F4xx_HAL_Driver/Src/stm32f4xx_hal_uart.o
 .debug_info    0x00008854     0x170d ./Middlewares/Third_Party/FreeRTOS/Source/CMSIS_RTOS/cmsis_os.o
 .debug_info    0x00009f61      0x2af ./Middlewares/Third_Party/FreeRTOS/Source/list.o
 .debug_info    0x0000a210     0x1564 ./Middlewares/Third_Party/FreeRTOS/Source/queue.o
 .debug_info    0x0000b774     0x19d9 ./Middlewares/Third_Party/FreeRTOS/Source/tasks.o
 .debug_info    0x0000d14d      0x4de ./Middlewares/Third_Party/FreeRTOS/Source/portable/GCC/ARM_CM4F/port.o
 .debug_info    0x0000d62b      0x4d5 ./Middlewares/Third_Party/FreeRTOS/Source/portable/MemMang/heap_4.o

.debug_abbrev   0x00000000     0x2762
 .debug_abbrev  0x00000000      0x18c ./Core/Src/freertos.o
 .debug_abbrev  0x0000018c      0x304 ./Core/Src/main.o
 .debug_abbrev  0x00000490      0x1c9 ./Core/Src/stm32f4xx_hal_msp.o
 .debug_abbrev  0x00000659       0x97 ./Core/Src/stm32f4xx_it.o
 .debug_abbrev  0x000006f0      0x1b6 ./Core/Src/syscalls.o
 .debug_abbrev  0x000008a6       0xbc ./Core/Src/sysmem.o
 .debug_abbrev  0x00000962      0x11a ./Core/Src/system_stm32f4xx.o
 .debug_abbrev  0x00000a7c       0x24 ./Core/Startup/startup_stm32f411retx.o
 .debug_abbrev  0x00000aa0      0x24b ./Drivers/STM32F4xx_HAL_Driver/Src/stm32f4xx_hal.o
 .debug_abbrev  0x00000ceb      0x31d ./Drivers/STM32F4xx_HAL_Driver/Src/stm32f4xx_hal_cortex.o
 .debug_abbrev  0x00001008      0x1d3 ./Drivers/STM32F4xx_HAL_Driver/Src/stm32f4xx_hal_gpio.o
 .debug_abbrev  0x000011db      0x2b6 ./Drivers/STM32F4xx_HAL_Driver/Src/stm32f4xx_hal_rcc.o
 .debug_abbrev  0x00001491      0x31b ./Drivers/STM32F4xx_HAL_Driver/Src/stm32f4xx_hal_uart.o
 .debug_abbrev  0x000017ac      0x3ac ./Middlewares/Third_Party/FreeRTOS/Source/CMSIS_RTOS/cmsis_os.o
 .debug_abbrev  0x00001b58       0xf5 ./Middlewares/Third_Party/FreeRTOS/Source/list.o
 .debug_abbrev  0x00001c4d      0x351 ./Middlewares/Third_Party/FreeRTOS/Source/queue.o
 .debug_abbrev  0x00001f9e      0x34b ./Middlewares/Third_Party/FreeRTOS/Source/tasks.o
 .debug_abbrev  0x000022e9      0x25c ./Middlewares/Third_Party/FreeRTOS/Source/portable/GCC/ARM_CM4F/port.o
 .debug_abbrev  0x00002545      0x21d ./Middlewares/Third_Party/FreeRTOS/Source/portable/MemMang/heap_4.o

.debug_aranges  0x00000000      0xcc0
 .debug_aranges
                0x00000000       0x30 ./Core/Src/freertos.o
 .debug_aranges
                0x00000030       0x50 ./Core/Src/main.o
 .debug_aranges
                0x00000080       0x30 ./Core/Src/stm32f4xx_hal_msp.o
 .debug_aranges
                0x000000b0       0x50 ./Core/Src/stm32f4xx_it.o
 .debug_aranges
                0x00000100       0xa8 ./Core/Src/syscalls.o
 .debug_aranges
                0x000001a8       0x20 ./Core/Src/sysmem.o
 .debug_aranges
                0x000001c8       0x28 ./Core/Src/system_stm32f4xx.o
 .debug_aranges
                0x000001f0       0x28 ./Core/Startup/startup_stm32f411retx.o
 .debug_aranges
                0x00000218       0xf0 ./Drivers/STM32F4xx_HAL_Driver/Src/stm32f4xx_hal.o
 .debug_aranges
                0x00000308      0x130 ./Drivers/STM32F4xx_HAL_Driver/Src/stm32f4xx_hal_cortex.o
 .debug_aranges
                0x00000438       0x58 ./Drivers/STM32F4xx_HAL_Driver/Src/stm32f4xx_hal_gpio.o
 .debug_aranges
                0x00000490       0x88 ./Drivers/STM32F4xx_HAL_Driver/Src/stm32f4xx_hal_rcc.o
 .debug_aranges
                0x00000518      0x208 ./Drivers/STM32F4xx_HAL_Driver/Src/stm32f4xx_hal_uart.o
 .debug_aranges
                0x00000720      0x1d8 ./Middlewares/Third_Party/FreeRTOS/Source/CMSIS_RTOS/cmsis_os.o
 .debug_aranges
                0x000008f8       0x40 ./Middlewares/Third_Party/FreeRTOS/Source/list.o
 .debug_aranges
                0x00000938      0x100 ./Middlewares/Third_Party/FreeRTOS/Source/queue.o
 .debug_aranges
                0x00000a38      0x1b0 ./Middlewares/Third_Party/FreeRTOS/Source/tasks.o
 .debug_aranges
                0x00000be8       0x80 ./Middlewares/Third_Party/FreeRTOS/Source/portable/GCC/ARM_CM4F/port.o
 .debug_aranges
                0x00000c68       0x58 ./Middlewares/Third_Party/FreeRTOS/Source/portable/MemMang/heap_4.o

.debug_rnglists
                0x00000000      0x9af
 .debug_rnglists
                0x00000000       0x1f ./Core/Src/freertos.o
 .debug_rnglists
                0x0000001f       0x39 ./Core/Src/main.o
 .debug_rnglists
                0x00000058       0x20 ./Core/Src/stm32f4xx_hal_msp.o
 .debug_rnglists
                0x00000078       0x37 ./Core/Src/stm32f4xx_it.o
 .debug_rnglists
                0x000000af       0x79 ./Core/Src/syscalls.o
 .debug_rnglists
                0x00000128       0x13 ./Core/Src/sysmem.o
 .debug_rnglists
                0x0000013b       0x1a ./Core/Src/system_stm32f4xx.o
 .debug_rnglists
                0x00000155       0x19 ./Core/Startup/startup_stm32f411retx.o
 .debug_rnglists
                0x0000016e       0xaf ./Drivers/STM32F4xx_HAL_Driver/Src/stm32f4xx_hal.o
 .debug_rnglists
                0x0000021d       0xe0 ./Drivers/STM32F4xx_HAL_Driver/Src/stm32f4xx_hal_cortex.o
 .debug_rnglists
                0x000002fd       0x3f ./Drivers/STM32F4xx_HAL_Driver/Src/stm32f4xx_hal_gpio.o
 .debug_rnglists
                0x0000033c       0x66 ./Drivers/STM32F4xx_HAL_Driver/Src/stm32f4xx_hal_rcc.o
 .debug_rnglists
                0x000003a2      0x1bc ./Drivers/STM32F4xx_HAL_Driver/Src/stm32f4xx_hal_uart.o
 .debug_rnglists
                0x0000055e      0x169 ./Middlewares/Third_Party/FreeRTOS/Source/CMSIS_RTOS/cmsis_os.o
 .debug_rnglists
                0x000006c7       0x2b ./Middlewares/Third_Party/FreeRTOS/Source/list.o
 .debug_rnglists
                0x000006f2       0xc6 ./Middlewares/Third_Party/FreeRTOS/Source/queue.o
 .debug_rnglists
                0x000007b8      0x158 ./Middlewares/Third_Party/FreeRTOS/Source/tasks.o
 .debug_rnglists
                0x00000910       0x5d ./Middlewares/Third_Party/FreeRTOS/Source/portable/GCC/ARM_CM4F/port.o
 .debug_rnglists
                0x0000096d       0x42 ./Middlewares/Third_Party/FreeRTOS/Source/portable/MemMang/heap_4.o

.debug_macro    0x00000000    0x182c1
 .debug_macro   0x00000000      0x37e ./Core/Src/freertos.o
 .debug_macro   0x0000037e      0xad8 ./Core/Src/freertos.o
 .debug_macro   0x00000e56      0x190 ./Core/Src/freertos.o
 .debug_macro   0x00000fe6       0x22 ./Core/Src/freertos.o
 .debug_macro   0x00001008       0x8e ./Core/Src/freertos.o
 .debug_macro   0x00001096       0x51 ./Core/Src/freertos.o
 .debug_macro   0x000010e7      0x103 ./Core/Src/freertos.o
 .debug_macro   0x000011ea       0x6a ./Core/Src/freertos.o
 .debug_macro   0x00001254      0x1df ./Core/Src/freertos.o
 .debug_macro   0x00001433       0xea ./Core/Src/freertos.o
 .debug_macro   0x0000151d      0x15a ./Core/Src/freertos.o
 .debug_macro   0x00001677       0xde ./Core/Src/freertos.o
 .debug_macro   0x00001755       0x1c ./Core/Src/freertos.o
 .debug_macro   0x00001771       0x26 ./Core/Src/freertos.o
 .debug_macro   0x00001797      0x4fd ./Core/Src/freertos.o
 .debug_macro   0x00001c94       0xb5 ./Core/Src/freertos.o
 .debug_macro   0x00001d49       0xaa ./Core/Src/freertos.o
 .debug_macro   0x00001df3       0x80 ./Core/Src/freertos.o
 .debug_macro   0x00001e73       0x69 ./Core/Src/freertos.o
 .debug_macro   0x00001edc      0x295 ./Core/Src/freertos.o
 .debug_macro   0x00002171       0x2e ./Core/Src/freertos.o
 .debug_macro   0x0000219f       0x28 ./Core/Src/freertos.o
 .debug_macro   0x000021c7       0x1c ./Core/Src/freertos.o
 .debug_macro   0x000021e3       0x22 ./Core/Src/freertos.o
 .debug_macro   0x00002205       0xfb ./Core/Src/freertos.o
 .debug_macro   0x00002300     0x1011 ./Core/Src/freertos.o
 .debug_macro   0x00003311      0x11f ./Core/Src/freertos.o
 .debug_macro   0x00003430     0xb968 ./Core/Src/freertos.o
 .debug_macro   0x0000ed98       0x6d ./Core/Src/freertos.o
 .debug_macro   0x0000ee05     0x3693 ./Core/Src/freertos.o
 .debug_macro   0x00012498       0x5c ./Core/Src/freertos.o
 .debug_macro   0x000124f4      0x45c ./Core/Src/freertos.o
 .debug_macro   0x00012950      0x9e9 ./Core/Src/freertos.o
 .debug_macro   0x00013339      0x115 ./Core/Src/freertos.o
 .debug_macro   0x0001344e      0x11b ./Core/Src/freertos.o
 .debug_macro   0x00013569       0xa5 ./Core/Src/freertos.o
 .debug_macro   0x0001360e      0x15f ./Core/Src/freertos.o
 .debug_macro   0x0001376d      0x287 ./Core/Src/freertos.o
 .debug_macro   0x000139f4       0x5f ./Core/Src/freertos.o
 .debug_macro   0x00013a53      0x236 ./Core/Src/freertos.o
 .debug_macro   0x00013c89      0x132 ./Core/Src/freertos.o
 .debug_macro   0x00013dbb      0x264 ./Core/Src/freertos.o
 .debug_macro   0x0001401f       0x2e ./Core/Src/freertos.o
 .debug_macro   0x0001404d      0x127 ./Core/Src/freertos.o
 .debug_macro   0x00014174       0x85 ./Core/Src/freertos.o
 .debug_macro   0x000141f9       0x89 ./Core/Src/freertos.o
 .debug_macro   0x00014282      0x2aa ./Core/Src/freertos.o
 .debug_macro   0x0001452c      0x126 ./Core/Src/freertos.o
 .debug_macro   0x00014652       0x58 ./Core/Src/freertos.o
 .debug_macro   0x000146aa       0x97 ./Core/Src/freertos.o
 .debug_macro   0x00014741       0x19 ./Core/Src/freertos.o
 .debug_macro   0x0001475a       0xcf ./Core/Src/freertos.o
 .debug_macro   0x00014829       0x61 ./Core/Src/freertos.o
 .debug_macro   0x0001488a       0x2a ./Core/Src/freertos.o
 .debug_macro   0x000148b4       0x43 ./Core/Src/freertos.o
 .debug_macro   0x000148f7       0x34 ./Core/Src/freertos.o
 .debug_macro   0x0001492b      0x370 ./Core/Src/freertos.o
 .debug_macro   0x00014c9b       0x16 ./Core/Src/freertos.o
 .debug_macro   0x00014cb1       0x4a ./Core/Src/freertos.o
 .debug_macro   0x00014cfb       0x34 ./Core/Src/freertos.o
 .debug_macro   0x00014d2f       0x10 ./Core/Src/freertos.o
 .debug_macro   0x00014d3f       0x58 ./Core/Src/freertos.o
 .debug_macro   0x00014d97       0x8e ./Core/Src/freertos.o
 .debug_macro   0x00014e25       0x1c ./Core/Src/freertos.o
 .debug_macro   0x00014e41      0x185 ./Core/Src/freertos.o
 .debug_macro   0x00014fc6       0x10 ./Core/Src/freertos.o
 .debug_macro   0x00014fd6       0x3c ./Core/Src/freertos.o
 .debug_macro   0x00015012       0x20 ./Core/Src/freertos.o
 .debug_macro   0x00015032       0x1c ./Core/Src/freertos.o
 .debug_macro   0x0001504e       0x10 ./Core/Src/freertos.o
 .debug_macro   0x0001505e       0x1c ./Core/Src/freertos.o
 .debug_macro   0x0001507a       0x16 ./Core/Src/freertos.o
 .debug_macro   0x00015090      0x146 ./Core/Src/freertos.o
 .debug_macro   0x000151d6      0x384 ./Core/Src/main.o
 .debug_macro   0x0001555a       0xea ./Core/Src/main.o
 .debug_macro   0x00015644       0x91 ./Core/Src/main.o
 .debug_macro   0x000156d5       0x86 ./Core/Src/main.o
 .debug_macro   0x0001575b       0x16 ./Core/Src/main.o
 .debug_macro   0x00015771       0x16 ./Core/Src/main.o
 .debug_macro   0x00015787       0x16 ./Core/Src/main.o
 .debug_macro   0x0001579d      0x1c9 ./Core/Src/stm32f4xx_hal_msp.o
 .debug_macro   0x00015966      0x23b ./Core/Src/stm32f4xx_it.o
 .debug_macro   0x00015ba1      0x274 ./Core/Src/syscalls.o
 .debug_macro   0x00015e15       0x5b ./Core/Src/syscalls.o
 .debug_macro   0x00015e70       0x94 ./Core/Src/syscalls.o
 .debug_macro   0x00015f04       0x57 ./Core/Src/syscalls.o
 .debug_macro   0x00015f5b       0x10 ./Core/Src/syscalls.o
 .debug_macro   0x00015f6b       0x10 ./Core/Src/syscalls.o
 .debug_macro   0x00015f7b       0x10 ./Core/Src/syscalls.o
 .debug_macro   0x00015f8b       0x10 ./Core/Src/syscalls.o
 .debug_macro   0x00015f9b       0x1c ./Core/Src/syscalls.o
 .debug_macro   0x00015fb7       0x52 ./Core/Src/syscalls.o
 .debug_macro   0x00016009       0x22 ./Core/Src/syscalls.o
 .debug_macro   0x0001602b       0x10 ./Core/Src/syscalls.o
 .debug_macro   0x0001603b       0x52 ./Core/Src/syscalls.o
 .debug_macro   0x0001608d       0xcf ./Core/Src/syscalls.o
 .debug_macro   0x0001615c       0x1c ./Core/Src/syscalls.o
 .debug_macro   0x00016178       0x3d ./Core/Src/syscalls.o
 .debug_macro   0x000161b5       0x35 ./Core/Src/syscalls.o
 .debug_macro   0x000161ea      0x12c ./Core/Src/syscalls.o
 .debug_macro   0x00016316       0x16 ./Core/Src/syscalls.o
 .debug_macro   0x0001632c       0x16 ./Core/Src/syscalls.o
 .debug_macro   0x00016342       0x29 ./Core/Src/syscalls.o
 .debug_macro   0x0001636b       0x10 ./Core/Src/syscalls.o
 .debug_macro   0x0001637b      0x242 ./Core/Src/syscalls.o
 .debug_macro   0x000165bd       0x10 ./Core/Src/syscalls.o
 .debug_macro   0x000165cd      0x18a ./Core/Src/syscalls.o
 .debug_macro   0x00016757       0x16 ./Core/Src/syscalls.o
 .debug_macro   0x0001676d       0xce ./Core/Src/syscalls.o
 .debug_macro   0x0001683b      0x112 ./Core/Src/sysmem.o
 .debug_macro   0x0001694d      0x23c ./Core/Src/sysmem.o
 .debug_macro   0x00016b89      0x1ba ./Core/Src/system_stm32f4xx.o
 .debug_macro   0x00016d43      0x21a ./Drivers/STM32F4xx_HAL_Driver/Src/stm32f4xx_hal.o
 .debug_macro   0x00016f5d      0x1ba ./Drivers/STM32F4xx_HAL_Driver/Src/stm32f4xx_hal_cortex.o
 .debug_macro   0x00017117      0x1c0 ./Drivers/STM32F4xx_HAL_Driver/Src/stm32f4xx_hal_gpio.o
 .debug_macro   0x000172d7      0x1de ./Drivers/STM32F4xx_HAL_Driver/Src/stm32f4xx_hal_rcc.o
 .debug_macro   0x000174b5      0x1bb ./Drivers/STM32F4xx_HAL_Driver/Src/stm32f4xx_hal_uart.o
 .debug_macro   0x00017670      0x1fe ./Middlewares/Third_Party/FreeRTOS/Source/CMSIS_RTOS/cmsis_os.o
 .debug_macro   0x0001786e       0xe9 ./Middlewares/Third_Party/FreeRTOS/Source/CMSIS_RTOS/cmsis_os.o
 .debug_macro   0x00017957      0x187 ./Middlewares/Third_Party/FreeRTOS/Source/list.o
 .debug_macro   0x00017ade      0x216 ./Middlewares/Third_Party/FreeRTOS/Source/queue.o
 .debug_macro   0x00017cf4      0x279 ./Middlewares/Third_Party/FreeRTOS/Source/tasks.o
 .debug_macro   0x00017f6d       0x10 ./Middlewares/Third_Party/FreeRTOS/Source/tasks.o
 .debug_macro   0x00017f7d      0x196 ./Middlewares/Third_Party/FreeRTOS/Source/portable/GCC/ARM_CM4F/port.o
 .debug_macro   0x00018113      0x1ae ./Middlewares/Third_Party/FreeRTOS/Source/portable/MemMang/heap_4.o

.debug_line     0x00000000     0xe888
 .debug_line    0x00000000      0xa69 ./Core/Src/freertos.o
 .debug_line    0x00000a69      0xb27 ./Core/Src/main.o
 .debug_line    0x00001590      0x757 ./Core/Src/stm32f4xx_hal_msp.o
 .debug_line    0x00001ce7      0x8a2 ./Core/Src/stm32f4xx_it.o
 .debug_line    0x00002589      0x89d ./Core/Src/syscalls.o
 .debug_line    0x00002e26      0x579 ./Core/Src/sysmem.o
 .debug_line    0x0000339f      0x77f ./Core/Src/system_stm32f4xx.o
 .debug_line    0x00003b1e       0x7a ./Core/Startup/startup_stm32f411retx.o
 .debug_line    0x00003b98      0x9fb ./Drivers/STM32F4xx_HAL_Driver/Src/stm32f4xx_hal.o
 .debug_line    0x00004593      0xccb ./Drivers/STM32F4xx_HAL_Driver/Src/stm32f4xx_hal_cortex.o
 .debug_line    0x0000525e      0xb17 ./Drivers/STM32F4xx_HAL_Driver/Src/stm32f4xx_hal_gpio.o
 .debug_line    0x00005d75      0xe0a ./Drivers/STM32F4xx_HAL_Driver/Src/stm32f4xx_hal_rcc.o
 .debug_line    0x00006b7f     0x2543 ./Drivers/STM32F4xx_HAL_Driver/Src/stm32f4xx_hal_uart.o
 .debug_line    0x000090c2     0x1294 ./Middlewares/Third_Party/FreeRTOS/Source/CMSIS_RTOS/cmsis_os.o
 .debug_line    0x0000a356      0x77d ./Middlewares/Third_Party/FreeRTOS/Source/list.o
 .debug_line    0x0000aad3     0x1421 ./Middlewares/Third_Party/FreeRTOS/Source/queue.o
 .debug_line    0x0000bef4     0x17fb ./Middlewares/Third_Party/FreeRTOS/Source/tasks.o
 .debug_line    0x0000d6ef      0x805 ./Middlewares/Third_Party/FreeRTOS/Source/portable/GCC/ARM_CM4F/port.o
 .debug_line    0x0000def4      0x994 ./Middlewares/Third_Party/FreeRTOS/Source/portable/MemMang/heap_4.o

.debug_str      0x00000000    0x903a3
 .debug_str     0x00000000    0x903a3 ./Core/Src/freertos.o
                              0x89578 (size before relaxing)
 .debug_str     0x000903a3    0x8a0f7 ./Core/Src/main.o