../Drivers/CMSIS/Include/core_cm4.h:1684:22:__NVIC_EnableIRQ	16	static,ignoring_inline_asm
../Core/Src/exti_driver.c:3:6:EXTI_Init	24	static
../Core/Src/exti_driver.c:39:6:EXTI_EnableIRQ	16	static
../Core/Src/exti_driver.c:50:28:EXTI_Callback	16	static
../Core/Src/exti_driver.c:57:6:EXTI15_10_IRQHandler	16	static
../Core/Src/exti_driver.c:69:6:EXTI9_5_IRQHandler	16	static
../Core/Src/exti_driver.c:81:6:EXTI0_IRQHandler	8	static
../Core/Src/exti_driver.c:90:6:EXTI1_IRQHandler	8	static
../Core/Src/exti_driver.c:99:6:EXTI2_IRQHandler	8	static
../Core/Src/exti_driver.c:108:6:EXTI3_IRQHandler	8	static
../Core/Src/exti_driver.c:117:6:EXTI4_IRQHandler	8	static
