../Core/Src/main.c:75:5:main	8	static
../Core/Src/main.c:123:6:SystemClock_Config	96	static
../Core/Src/main.c:173:13:MX_ADC1_Init	48	static
../Core/Src/main.c:240:13:MX_I2C1_Init	8	static
../Core/Src/main.c:288:13:MX_USART2_UART_Init	8	static
../Core/Src/main.c:321:13:MX_DMA_Init	16	static
../Core/Src/main.c:339:13:MX_GPIO_Init	48	static
../Core/Src/main.c:374:5:__io_putchar	16	static
../Core/Src/main.c:380:6:HAL_ADC_ConvCpltCallback	32	static
../Core/Src/main.c:401:6:Error_Handler	4	static,ignoring_inline_asm
