17:43:48 **** Incremental Build of configuration Debug for project DMA_for_Efficient_Data_Transfer ****
make -j8 all 
arm-none-eabi-gcc "../Core/Src/main.c" -mcpu=cortex-m4 -std=gnu11 -g3 -DDEBUG -DUSE_HAL_DRIVER -DSTM32L476xx -c -I../Core/Inc -I../Drivers/STM32L4xx_HAL_Driver/Inc -I../Drivers/STM32L4xx_HAL_Driver/Inc/Legacy -I../Drivers/CMSIS/Device/ST/STM32L4xx/Include -I../Drivers/CMSIS/Include -O0 -ffunction-sections -fdata-sections -Wall -fstack-usage -fcyclomatic-complexity -MMD -MP -MF"Core/Src/main.d" -MT"Core/Src/main.o" --specs=nano.specs -mfpu=fpv4-sp-d16 -mfloat-abi=hard -mthumb -o "Core/Src/main.o"
arm-none-eabi-gcc -o "DMA_for_Efficient_Data_Transfer.elf" @"objects.list"   -mcpu=cortex-m4 -T"D:\STM 32\Worksheet\DMA_for_Efficient_Data_Transfer\STM32L476RGTX_FLASH.ld" --specs=nosys.specs -Wl,-Map="DMA_for_Efficient_Data_Transfer.map" -Wl,--gc-sections -static --specs=nano.specs -mfpu=fpv4-sp-d16 -mfloat-abi=hard -mthumb -Wl,--start-group -lc -lm -Wl,--end-group
Finished building target: DMA_for_Efficient_Data_Transfer.elf
 
arm-none-eabi-size  DMA_for_Efficient_Data_Transfer.elf 
arm-none-eabi-objdump -h -S DMA_for_Efficient_Data_Transfer.elf  > "DMA_for_Efficient_Data_Transfer.list"
   text	   data	    bss	    dec	    hex	filename
  24720	    104	   2496	  27320	   6ab8	DMA_for_Efficient_Data_Transfer.elf
Finished building: default.size.stdout
 
Finished building: DMA_for_Efficient_Data_Transfer.list
 
17:46:21 **** Incremental Build of configuration Debug for project DMA_for_Efficient_Data_Transfer ****
make -j8 all 
arm-none-eabi-size  DMA_for_Efficient_Data_Transfer.elf 
   text	   data	    bss	    dec	    hex	filename
  24720	    104	   2496	  27320	   6ab8	DMA_for_Efficient_Data_Transfer.elf
Finished building: default.size.stdout
 
17:49:48 **** Incremental Build of configuration Debug for project DMA_for_Efficient_Data_Transfer ****
make -j8 all 
arm-none-eabi-size  DMA_for_Efficient_Data_Transfer.elf 
   text	   data	    bss	    dec	    hex	filename
  24720	    104	   2496	  27320	   6ab8	DMA_for_Efficient_Data_Transfer.elf
Finished building: default.size.stdout
 
17:57:30 **** Incremental Build of configuration Debug for project DMA_for_Efficient_Data_Transfer ****
make -j8 all 
arm-none-eabi-size  DMA_for_Efficient_Data_Transfer.elf 
   text	   data	    bss	    dec	    hex	filename
  24720	    104	   2496	  27320	   6ab8	DMA_for_Efficient_Data_Transfer.elf
Finished building: default.size.stdout
 
18:00:46 **** Incremental Build of configuration Debug for project DMA_for_Efficient_Data_Transfer ****
make -j8 all 
arm-none-eabi-size  DMA_for_Efficient_Data_Transfer.elf 
   text	   data	    bss	    dec	    hex	filename
  24720	    104	   2496	  27320	   6ab8	DMA_for_Efficient_Data_Transfer.elf
Finished building: default.size.stdout
 
