../Core/Src/main.c:21:5:__io_putchar	16	static
../Core/Src/main.c:27:5:main	48	static
../Core/Src/main.c:59:6:array_fill	24	static
../Core/Src/main.c:68:6:display_numbers	24	static
../Core/Src/main.c:78:6:swap_numbers	24	static
../Core/Src/main.c:86:6:bubble_sort	24	static
../Core/Src/main.c:101:6:insertion_sort	32	static
../Core/Src/main.c:118:13:MX_USART2_UART_Init	8	static
../Core/Src/main.c:136:13:MX_GPIO_Init	16	static
../Core/Src/main.c:142:6:SystemClock_Config	96	static
../Core/Src/main.c:166:6:Error_Handler	4	static,ignoring_inline_asm
