16:29:04 **** Incremental Build of configuration Debug for project External_Flash_with_Ultrasonic ****
make -j8 all 
arm-none-eabi-gcc "../FATFS/Target/user_diskio.c" -mcpu=cortex-m4 -std=gnu11 -g3 -DDEBUG -DUSE_HAL_DRIVER -DSTM32L476xx -c -I../Core/Inc -I../Drivers/STM32L4xx_HAL_Driver/Inc -I../Drivers/STM32L4xx_HAL_Driver/Inc/Legacy -I../Drivers/CMSIS/Device/ST/STM32L4xx/Include -I../Drivers/CMSIS/Include -I../FATFS/Target -I../FATFS/App -I../Middlewares/Third_Party/FatFs/src -O0 -ffunction-sections -fdata-sections -Wall -fstack-usage -fcyclomatic-complexity -MMD -MP -MF"FATFS/Target/user_diskio.d" -MT"FATFS/Target/user_diskio.o" --specs=nano.specs -mfpu=fpv4-sp-d16 -mfloat-abi=hard -mthumb -o "FATFS/Target/user_diskio.o"
arm-none-eabi-gcc "../Core/Src/stm32l4xx_it.c" -mcpu=cortex-m4 -std=gnu11 -g3 -DDEBUG -DUSE_HAL_DRIVER -DSTM32L476xx -c -I../Core/Inc -I../Drivers/STM32L4xx_HAL_Driver/Inc -I../Drivers/STM32L4xx_HAL_Driver/Inc/Legacy -I../Drivers/CMSIS/Device/ST/STM32L4xx/Include -I../Drivers/CMSIS/Include -I../FATFS/Target -I../FATFS/App -I../Middlewares/Third_Party/FatFs/src -O0 -ffunction-sections -fdata-sections -Wall -fstack-usage -fcyclomatic-complexity -MMD -MP -MF"Core/Src/stm32l4xx_it.d" -MT"Core/Src/stm32l4xx_it.o" --specs=nano.specs -mfpu=fpv4-sp-d16 -mfloat-abi=hard -mthumb -o "Core/Src/stm32l4xx_it.o"
arm-none-eabi-gcc -o "External_Flash_with_Ultrasonic.elf" @"objects.list"   -mcpu=cortex-m4 -T"D:\STM 32\External_Flash_with_Ultrasonic\STM32L476RGTX_FLASH.ld" --specs=nosys.specs -Wl,-Map="External_Flash_with_Ultrasonic.map" -Wl,--gc-sections -static -u _printf_float --specs=nano.specs -mfpu=fpv4-sp-d16 -mfloat-abi=hard -mthumb -Wl,--start-group -lc -lm -Wl,--end-group
Finished building target: External_Flash_with_Ultrasonic.elf
 
arm-none-eabi-size  External_Flash_with_Ultrasonic.elf 
arm-none-eabi-objdump -h -S External_Flash_with_Ultrasonic.elf  > "External_Flash_with_Ultrasonic.list"
   text	   data	    bss	    dec	    hex	filename
  44508	    488	   2280	  47276	   b8ac	External_Flash_with_Ultrasonic.elf
Finished building: default.size.stdout
 
Finished building: External_Flash_with_Ultrasonic.list
 
16:29:13 **** Incremental Build of configuration Debug for project External_Flash_with_Ultrasonic ****
make -j8 all 
arm-none-eabi-size  External_Flash_with_Ultrasonic.elf 
   text	   data	    bss	    dec	    hex	filename
  44508	    488	   2280	  47276	   b8ac	External_Flash_with_Ultrasonic.elf
Finished building: default.size.stdout
 
16:31:25 **** Incremental Build of configuration Debug for project External_Flash_with_Ultrasonic ****
make -j8 all 
arm-none-eabi-size  External_Flash_with_Ultrasonic.elf 
   text	   data	    bss	    dec	    hex	filename
  44508	    488	   2280	  47276	   b8ac	External_Flash_with_Ultrasonic.elf
Finished building: default.size.stdout
 
17:09:06 **** Incremental Build of configuration Debug for project External_Flash_with_Ultrasonic ****
make -j8 all 
arm-none-eabi-size  External_Flash_with_Ultrasonic.elf 
   text	   data	    bss	    dec	    hex	filename
  44508	    488	   2280	  47276	   b8ac	External_Flash_with_Ultrasonic.elf
Finished building: default.size.stdout
 
